  401718     4A41 Code                ABBROWSE_TEXT
  40615C     1133 Code                ABEIP_TEXT
  407290     2974 Code                ABERROR_TEXT
  409C04     6AA4 Code                ABFILE_TEXT
  4106A8      159 Code                ABFUZZY_TEXT
  410804     47DB Code                ABLPROPR_TEXT
  414FE0      97A Code                ABLPROP_TEXT
  41595C      1ED Code                ABLSYM_TEXT
  415B4C     1134 Code                ABLWINR_TEXT
  416C80      8ED Code                ABLWIN_TEXT
  417570      92C Code                ABLWMAN_TEXT
  417E9C     21CC Code                ABPOPUP_TEXT
  41A068     27FA Code                ABQUERY_TEXT
  41C864     1D40 Code                ABRESIZE_TEXT
  41E5A4      8B2 Code                ABTOOLBA_TEXT
  41EE58     2B05 Code                ABUTIL_TEXT
  421960     1DBE Code                ABWINDOW_TEXT
  423720     2611 Code                BRWEXT_TEXT
  425D34       80 Code                CWSYNCHC_TEXT
  425DB4       23 Code                IEXE32_TEXT
  425DD8     16F3 Code                INIT_TEXT
  4274CC       37 Code                INST00_TEXT
  427504     CA21 Code                KATALOGKNJIGE001_TEXT
  433F28     6BFD Code                KATALOGKNJIGE002_TEXT
  43AB28     248F Code                KATALOGKNJIGE_BC0_TEXT
  43CFB8       13 Code                KATALOGKNJIGE_BC_TEXT
  43CFCC      26F Code                KATALOGKNJIGE_TEXT
  43D23C      66E Code                NETPATCH_TEXT
  43D8AC      859 Code                NETRPC_TEXT
  43E108      55B Code                NETUTIL_TEXT
  43E664      7F6 Code                WBBROKER_TEXT
  43EE5C      1E6 Code                WBCLIENT_TEXT
  43F044     134C Code                WBFILES_TEXT
  440390      154 Code                WBFILE_TEXT
  4404E4      1B5 Code                WBFRAME_TEXT
  44069C     150F Code                WBHOOK_TEXT
  441BAC     10E1 Code                WBHTML_TEXT
  442C90     294F Code                WBHTTP_TEXT
  4455E0      363 Code                WBJSL_TEXT
  445944      7C6 Code                WBPDFPREVIEW_TEXT
  44610C      92B Code                WBSERVER_TEXT
  446A38       C9 Code                WBSTD2_TEXT
  446B04      D1D Code                WBSTD_TEXT
  447824      359 Code                WBTXTOUT_TEXT
  447B80      1BE Code                WSOBRI_C_TEXT
  447D40      182 Code                WSOBR_C_TEXT
  447EC4      25B Code                WSOSE_S_TEXT
  449000     1290 Initialized Data    $DEFAULTERRORS_DATA
  44A290       FB Initialized Data    ABBROWSE_CONST
  44A38C      A50 Initialized Data    ABBROWSE_DATA
  44ADDC       23 Initialized Data    ABEIP_CONST
  44AE00       B4 Initialized Data    ABEIP_DATA
  44AEB4      17B Initialized Data    ABERROR_CONST
  44B030      AD0 Initialized Data    ABERROR_DATA
  44BB00       C1 Initialized Data    ABFILE_CONST
  44BBC4      410 Initialized Data    ABFILE_DATA
  44BFD4       B4 Initialized Data    ABFUZZY_DATA
  44C088      78E Initialized Data    ABLPROPR_CONST
  44C818      518 Initialized Data    ABLPROPR_DATA
  44CD30       48 Initialized Data    ABLPROP_CONST
  44CD78      194 Initialized Data    ABLPROP_DATA
  44CF0C       3B Initialized Data    ABLSYM_CONST
  44CF48       50 Initialized Data    ABLSYM_DATA
  44CF98      28B Initialized Data    ABLWINR_CONST
  44D224      1B0 Initialized Data    ABLWINR_DATA
  44D3D4        E Initialized Data    ABLWIN_CONST
  44D3E4      160 Initialized Data    ABLWIN_DATA
  44D544       31 Initialized Data    ABLWMAN_CONST
  44D578      180 Initialized Data    ABLWMAN_DATA
  44D6F8       2D Initialized Data    ABPOPUP_CONST
  44D728      128 Initialized Data    ABPOPUP_DATA
  44D850       CA Initialized Data    ABQUERY_CONST
  44D91C       87 Initialized Data    ABQUERY_DATA
  44D9A4       28 Initialized Data    ABRESIZE_CONST
  44D9CC      23F Initialized Data    ABRESIZE_DATA
  44DC0C      390 Initialized Data    ABTOOLBA_DATA
  44DF9C       6D Initialized Data    ABUTIL_CONST
  44E00C      261 Initialized Data    ABUTIL_DATA
  44E270       9B Initialized Data    ABWINDOW_DATA
  44E30C       28 Initialized Data    BRWEXT_CONST
  44E334       60 Initialized Data    BRWEXT_DATA
  44E394       48 Initialized Data    CWSYNCHC_DATA
  44E3DC       44 Initialized Data    IEXE32_DATA
  44E420      5AC Initialized Data    KATALOGKNJIGE001_CONST
  44E9CC     EDAC Initialized Data    KATALOGKNJIGE001_DATA
  45D778      424 Initialized Data    KATALOGKNJIGE002_CONST
  45DB9C     7F6C Initialized Data    KATALOGKNJIGE002_DATA
  465B08      468 Initialized Data    KATALOGKNJIGE_BC0_CONST
  465F70     26C0 Initialized Data    KATALOGKNJIGE_BC0_DATA
  468630      3EA Initialized Data    KATALOGKNJIGE_CONST
  468A1C      478 Initialized Data    KATALOGKNJIGE_DATA
  468E94       30 Initialized Data    NETPATCH_CONST
  468EC4       6D Initialized Data    NETRPC_CONST
  468F34       20 Initialized Data    NETRPC_DATA
  468F54       43 Initialized Data    NETUTIL_CONST
  468F98       4C Initialized Data    WBBROKER_CONST
  468FE4       64 Initialized Data    WBBROKER_DATA
  469048       BC Initialized Data    WBCLIENT_DATA
  469104       55 Initialized Data    WBFILES_CONST
  46915C      170 Initialized Data    WBFILES_DATA
  4692CC      278 Initialized Data    WBFILE_DATA
  469544       70 Initialized Data    WBFRAME_DATA
  4695B4      2EE Initialized Data    WBHOOK_CONST
  4698A4      5CC Initialized Data    WBHOOK_DATA
  469E70      A39 Initialized Data    WBHTML_CONST
  46A8AC      10C Initialized Data    WBHTML_DATA
  46A9B8      A04 Initialized Data    WBHTTP_CONST
  46B3BC      597 Initialized Data    WBHTTP_DATA
  46B954       31 Initialized Data    WBJSL_CONST
  46B988       58 Initialized Data    WBJSL_DATA
  46B9E0      1A5 Initialized Data    WBPDFPREVIEW_CONST
  46BB88      690 Initialized Data    WBPDFPREVIEW_DATA
  46C218      1A4 Initialized Data    WBSERVER_DATA
  46C3BC       41 Initialized Data    WBSTD_CONST
  46C400       79 Initialized Data    WBSTD_DATA
  46C47C        1 Initialized Data    WBTXTOUT_CONST
  46C480       3C Initialized Data    WBTXTOUT_DATA
  46C4BC       A0 Initialized Data    WSOBRI_C_DATA
  46C55C       A0 Initialized Data    WSOBR_C_DATA
  46C5FC       F0 Initialized Data    WSOSE_S_DATA
  46C6EC       4C Initialized Data    _CONST
  46C738        0 Initialized Data    __CPPINI_CONS
  46C738      540 Initialized Data    __CPPINI_CONST
  46CC78        4 Initialized Data    __CPPINI_END
  46CC7C        0 Initialized Data    __INIVMT_CONS
  46CC7C      7B8 Initialized Data    __INIVMT_CONST
  46D434        0 Initialized Data    __INIVMT_CONST_END
  46D440     1623 Un-initialized Data $FUZZYMATCHER_BSS
  46EA64     144A Un-initialized Data $WEBFILESMANAGER_BSS
  46FEB0      44E Un-initialized Data $WEBSERVER_BSS
  470300       40 Un-initialized Data ABEIP_BSS
  470340      404 Un-initialized Data ABERROR_BSS
  470744       10 Un-initialized Data ABFILE_BSS
  470754        4 Un-initialized Data ABFUZZY_BSS
  470758      34B Un-initialized Data ABLPROPR_BSS
  470AA4       18 Un-initialized Data ABLPROP_BSS
  470ABC       20 Un-initialized Data ABLSYM_BSS
  470ADC       18 Un-initialized Data ABLWINR_BSS
  470AF4       11 Un-initialized Data ABLWMAN_BSS
  470B08      104 Un-initialized Data ABUTIL_BSS
  470C0C      51D Un-initialized Data KATALOGKNJIGE_BSS
  47112C       4A Un-initialized Data NETPATCH_BSS
  471178       58 Un-initialized Data NETRPC_BSS
  4711D0       30 Un-initialized Data WBBROKER_BSS
  471200        4 Un-initialized Data WBFILES_BSS
  471204        4 Un-initialized Data WBFILE_BSS
  471208       1C Un-initialized Data WBFRAME_BSS
  471224        1 Un-initialized Data WBHOOK_BSS
  471228      208 Un-initialized Data WBHTTP_BSS
  471430        4 Un-initialized Data WBSERVER_BSS
  471434      104 Un-initialized Data WBTXTOUT_BSS
  471538        4 Un-initialized Data WSOBRI_C_BSS
  47153C        4 Un-initialized Data WSOBR_C_BSS
  472000        8 __T_L_S__DAT
  472008      B3C __T_L_S__DATA
  472B44        0 __T_L_S__DATA_END
  472B50        0 __T_L_S__BS
  472B50     5A70 __T_L_S__BSS
  4785C0        0 __T_L_S__BSS_END

  401D34 KILL_@_WINDOWCOMPONENT_@_BROWSECLASS@F15WINDOWCOMPONENT
  401D44 RESET_@_WINDOWCOMPONENT_@_BROWSECLASS@F15WINDOWCOMPONENTUc
  401D58 RESETREQUIRED_@_WINDOWCOMPONENT_@_BROWSECLASS@F15WINDOWCOMPONENT
  401D68 SETALERTS_@_WINDOWCOMPONENT_@_BROWSECLASS@F15WINDOWCOMPONENT
  401D7C TAKEEVENT_@_WINDOWCOMPONENT_@_BROWSECLASS@F15WINDOWCOMPONENT
  401D90 UPDATE_@_WINDOWCOMPONENT_@_BROWSECLASS@F15WINDOWCOMPONENT
  401DA4 UPDATEWINDOW_@_WINDOWCOMPONENT_@_BROWSECLASS@F15WINDOWCOMPONENT
  401DB8 DOSHOWWAITCURSOR@F11BROWSECLASSUc
  401DE8 SHOWWAITCURSOR@F11BROWSECLASSUc
  401DFC SETUSEWAITCURSOR@F11BROWSECLASSUc
  401E04 UPDATEWINDOW@F11BROWSECLASS
  401FE4 UPDATEVIEWRECORD@F11BROWSECLASS
  4020C8 UPDATETOOLBARBUTTONS@F11BROWSECLASS
  402150 UPDATETHUMBFIXED@F11BROWSECLASS
  402300 UPDATETHUMB@F11BROWSECLASS
  4025A4 UPDATERESETS@F11BROWSECLASS
  4025B8 UPDATEBUFFER@F11BROWSECLASS
  4025F0 TAKEVCRSCROLL@F11BROWSECLASSl
  4026D8 TAKESCROLL@F11BROWSECLASSl
  40275C TAKENEWSELECTION@F11BROWSECLASS
  4027F0 TAKELOCATE@F11BROWSECLASS
  402868 TAKEKEY@F11BROWSECLASS
  402B0C TAKEEVENT@F11BROWSECLASS
  40321C TAKECHOICECHANGED@F11BROWSECLASS
  403284 TAKEACCEPTEDLOCATOR@F11BROWSECLASS
  403378 GETUSEMRP@F11BROWSECLASS
  40337C SETUSEMRP@F11BROWSECLASSUc
  403380 SETUSEPOPUP@F11BROWSECLASSUc
  403384 SETSORT@F11BROWSECLASSUcUc
  4034C0 SETQUEUERECORD@F11BROWSECLASS
  4034E0 SETALERTS@F11BROWSECLASS
  4039F4 SCROLLPAGE@F11BROWSECLASSl
  403AD8 SCROLLONE@F11BROWSECLASSl
  403B38 SCROLLEND@F11BROWSECLASSl
  403BB0 SAVESORT@F11BROWSECLASS
  403CA4 RESTORESORT@F11BROWSECLASS
  403DA8 RESETTHUMBLIMITS@F11BROWSECLASS
  403EE4 RESETSORT@F11BROWSECLASSUc
  403F08 RESETRESETS@F11BROWSECLASS
  403F1C RESETQUEUE@F11BROWSECLASSUc
  4044C4 RESETFROMVIEW@F11BROWSECLASS
  4044FC RESETFROMFILE@F11BROWSECLASS
  404520 RESETFROMBUFFER@F11BROWSECLASS
  404590 RESETFROMASK@F11BROWSECLASSRUcRUc
  404788 REPLACESORT@F11BROWSECLASSsb12LOCATORCLASS9STEPCLASS
  404860 RECORDS@F11BROWSECLASS
  4048C8 PREVIOUS@F11BROWSECLASS
  404914 POSTNEWSELECTION@F11BROWSECLASS
  40496C NOTIFYUPDATEERROR@F11BROWSECLASS
  40498C NEXT@F11BROWSECLASS
  4049D8 KILL@F11BROWSECLASS
  404C1C INITSORT@F11BROWSECLASSUc
  404C70 INIT@F11BROWSECLASS12ILISTCONTROLBi11BROWSEQUEUE15RELATIONMANAGER13WINDOWMANAGER
  404D7C INIT@F11BROWSECLASSlRsbBiBq15RELATIONMANAGER13WINDOWMANAGER
  404DE0 FETCH@F11BROWSECLASSUc
  40506C CHECKEIP@F11BROWSECLASS
  405130 ASKRECORD@F11BROWSECLASSUc
  405144 ASK@F11BROWSECLASSUc
  405214 APPLYRANGE@F11BROWSECLASS
  405280 ADDTOOLBARTARGET@F11BROWSECLASS12TOOLBARCLASS
  4052D4 ADDSORTORDER@F11BROWSECLASS9STEPCLASSBk
  405350 ADDLOCATOR@F11BROWSECLASS12LOCATORCLASS
  40536C ADDFIELD@F11BROWSECLASSRsbRsb
  4053C8 ADDFIELD@F11BROWSECLASSRlRl
  405428 ADDFIELD@F11BROWSECLASSRuRu
  405468 SETLOCATORFROMSORT@F11BROWSECLASS
  405504 RECORDS_@_BROWSEQUEUE_@_STANDARDBEHAVIOR@F11BROWSEQUEUE
  405510 INSERT_@_BROWSEQUEUE_@_STANDARDBEHAVIOR@F11BROWSEQUEUE
  40551C INSERT_@_BROWSEQUEUE_@_STANDARDBEHAVIOR@F11BROWSEQUEUEl
  405528 FETCH_@_BROWSEQUEUE_@_STANDARDBEHAVIOR@F11BROWSEQUEUEl
  405534 UPDATE_@_BROWSEQUEUE_@_STANDARDBEHAVIOR@F11BROWSEQUEUE
  405540 DELETE_@_BROWSEQUEUE_@_STANDARDBEHAVIOR@F11BROWSEQUEUE
  40554C FREE_@_BROWSEQUEUE_@_STANDARDBEHAVIOR@F11BROWSEQUEUE
  405558 WHO_@_BROWSEQUEUE_@_STANDARDBEHAVIOR@F11BROWSEQUEUEl
  405568 GETVIEWPOSITION_@_BROWSEQUEUE_@_STANDARDBEHAVIOR@F11BROWSEQUEUE
  405580 SETVIEWPOSITION_@_BROWSEQUEUE_@_STANDARDBEHAVIOR@F11BROWSEQUEUEsb
  4055B8 CHOICE_@_ILISTCONTROL_@_STANDARDBEHAVIOR@F12ILISTCONTROL
  4055C4 GETCONTROL_@_ILISTCONTROL_@_STANDARDBEHAVIOR@F12ILISTCONTROL
  4055C8 GETITEMS_@_ILISTCONTROL_@_STANDARDBEHAVIOR@F12ILISTCONTROL
  4055FC GETVISIBLE_@_ILISTCONTROL_@_STANDARDBEHAVIOR@F12ILISTCONTROL
  405630 SETCHOICE_@_ILISTCONTROL_@_STANDARDBEHAVIOR@F12ILISTCONTROLl
  405684 SETCONTROL_@_ILISTCONTROL_@_STANDARDBEHAVIOR@F12ILISTCONTROLl
  405688 GETSELECTEDITEM_@_ILISTCONTROL_@_STANDARDBEHAVIOR@F12ILISTCONTROL
  4056E4 INIT@F16STANDARDBEHAVIORBqRsbl
  4056FC TAKENEWSELECTION@F16BROWSEEIPMANAGER
  405794 TAKECOMPLETED@F16BROWSEEIPMANAGERUc
  40597C KILL@F16BROWSEEIPMANAGER
  4059B0 INIT@F16BROWSEEIPMANAGER
  405D74 CLEARCOLUMN@F16BROWSEEIPMANAGER
  405DBC TAKEKEY@F16STEPLOCATORCLASS
  405FE8 SET@F16STEPLOCATORCLASS
  405FEC INIT@F16STEPLOCATORCLASSlRuUc
  406014 UPDATEWINDOW@F12LOCATORCLASS
  40601C TAKEACCEPTED@F12LOCATORCLASS
  406020 SETSHADOW@F12LOCATORCLASSsb
  40603C SETENABLED@F12LOCATORCLASSUc
  406080 SETALERTS@F12LOCATORCLASSl
  406084 SETLOCATORFIELD@F12LOCATORCLASSRu
  4060D8 RESET@F12LOCATORCLASS
  4060DC INIT@F12LOCATORCLASSlRuUc11BROWSECLASS
  406110 INIT@F12LOCATORCLASSlRuUc
  40612C GETSHADOW@F12LOCATORCLASS
  406148 DESTRUCT@F12LOCATORCLASS
  40615C TAKENEWSELECTION@F10EIPMANAGER
  4061D4 TAKEFOCUSLOSS@F10EIPMANAGER
  406228 TAKEFIELDEVENT@F10EIPMANAGER
  406378 TAKEEVENT@F10EIPMANAGER
  406408 TAKECOMPLETED@F10EIPMANAGERUc
  406454 TAKEACTION@F10EIPMANAGERl
  40675C TAKEACCEPTALL@F10EIPMANAGER
  4068A8 RUN@F10EIPMANAGERUc
  406940 RESETCOLUMN@F10EIPMANAGER
  406A08 GETEDIT@F10EIPMANAGER
  406A64 NEXT@F10EIPMANAGER
  406B40 KILL@F10EIPMANAGER
  406CC8 INITCONTROLS@F10EIPMANAGER
  406ED4 INIT@F10EIPMANAGER
  406F44 CLEARCOLUMN@F10EIPMANAGER
  406F8C ADDCONTROL@F10EIPMANAGER9EDITCLASSlUc
  406FE8 CREATECONTROL@F14EDITENTRYCLASS
  40700C RESETCONTROL@F9EDITCLASS
  407010 GETFEQ@F9EDITCLASS
  407014 TAKEEVENT@F9EDITCLASSl
  40705C TAKEACCEPTED@F9EDITCLASSUc
  407074 SETREADONLY@F9EDITCLASSUc
  4070D0 SETALERTS@F9EDITCLASS
  4071D0 KILL@F9EDITCLASS
  407200 INIT@F9EDITCLASSllRu
  4073AC KILL_@_WINDOWCOMPONENT_@_HISTHANDLERCLASS@F15WINDOWCOMPONENT
  4073B0 RESET_@_WINDOWCOMPONENT_@_HISTHANDLERCLASS@F15WINDOWCOMPONENTUc
  4073B4 RESETREQUIRED_@_WINDOWCOMPONENT_@_HISTHANDLERCLASS@F15WINDOWCOMPONENT
  4073B8 SETALERTS_@_WINDOWCOMPONENT_@_HISTHANDLERCLASS@F15WINDOWCOMPONENT
  4073BC TAKEEVENT_@_WINDOWCOMPONENT_@_HISTHANDLERCLASS@F15WINDOWCOMPONENT
  4073C4 UPDATE_@_WINDOWCOMPONENT_@_HISTHANDLERCLASS@F15WINDOWCOMPONENT
  4073C8 UPDATEWINDOW_@_WINDOWCOMPONENT_@_HISTHANDLERCLASS@F15WINDOWCOMPONENT
  4073DC VLBPROC@F16HISTHANDLERCLASSls
  407488 TAKEEVENT@F16HISTHANDLERCLASS
  407550 INIT@F16HISTHANDLERCLASSBw10ERRORCLASS16ERRORHISTORYLIST
  40755C _VLBPROC@F16HISTHANDLERCLASSls
  40756C TAKEACCEPTED@F11MSGBOXCLASS
  4075A8 SETUPADDITIONALFEQS@F11MSGBOXCLASS
  407630 KILL@F11MSGBOXCLASS
  407670 INIT@F11MSGBOXCLASS
  407920 INIT@F11MSGBOXCLASSBw10ERRORCLASSOsbllll
  4079B8 FETCHSTDBUTTON@F11MSGBOXCLASSs
  4079EC GETALLSTATUSVARIABLES@F10ERRORCLASS16ERRORSTATUSGROUP
  407A1C GETERRORBUFFERFATALITY@F10ERRORCLASS
  407A4C GETERRORBUFFERTITLE@F10ERRORCLASS
  407A84 GETERRORBUFFERID@F10ERRORCLASS
  407AA8 SETMESSAGETEXT@F10ERRORCLASSsb
  407AF8 SETKEYNAME@F10ERRORCLASSsb
  407B48 SETFIELDNAME@F10ERRORCLASSsb
  407B98 SETFILENAME@F10ERRORCLASSsb
  407BE8 STOREERRORENTRY@F10ERRORCLASSUs
  407D18 GETHISTORYRESETONVIEW@F10ERRORCLASS
  407D64 SETHISTORYRESETONVIEW@F10ERRORCLASSUc
  407DAC GETHISTORYVIEWLEVEL@F10ERRORCLASS
  407DF8 SETHISTORYVIEWLEVEL@F10ERRORCLASSl
  407E40 GETHISTORYTHRESHOLD@F10ERRORCLASS
  407E8C SETHISTORYTHRESHOLD@F10ERRORCLASSl
  407ED4 GETLOGERRORS@F10ERRORCLASS
  407F20 GETSILENT@F10ERRORCLASS
  407F6C SETDEFAULTCATEGORY@F10ERRORCLASSsa
  407FB4 GETDEFAULTCATEGORY@F10ERRORCLASS
  408000 VIEWHISTORY@F10ERRORCLASS
  40802C THROWMESSAGE@F10ERRORCLASSssb
  40807C THROW@F10ERRORCLASSs
  408090 TAKEUSER@F10ERRORCLASS
  4080FC TAKEPROGRAM@F10ERRORCLASS
  408104 TAKEOTHER@F10ERRORCLASS
  40810C TAKENOTIFY@F10ERRORCLASS
  408164 TAKEFATAL@F10ERRORCLASS
  4081F4 TAKEERROR@F10ERRORCLASSs
  4083F8 TAKEBENIGN@F10ERRORCLASS
  4083FC SUBSSTRING@F10ERRORCLASS
  4087D8 SETPROCEDURENAME@F10ERRORCLASSOsb
  408888 GETERRORENTRY@F10ERRORCLASSUs15ERRORENTRYGROUPl
  40892C GETERRORENTRY@F10ERRORCLASSUs15ERRORENTRYGROUP
  408960 SETID@F10ERRORCLASSUsl
  408998 SETID@F10ERRORCLASSUs
  4089B4 SETKEY@F10ERRORCLASSsb
  4089F0 SETFILE@F10ERRORCLASSsb
  408A2C SETFIELD@F10ERRORCLASSsb
  408A68 SETERRORS@F10ERRORCLASS
  408B08 SETERRORLOG@F10ERRORCLASS17ERRORLOGINTERFACE
  408BA8 SETCATEGORY@F10ERRORCLASSssa
  408BF4 RESETHISTORY@F10ERRORCLASS
  408C1C REMOVEERROR@F10ERRORCLASSUs
  408C5C MESSAGEBOX@F10ERRORCLASSUcsbOsbOsblll
  408CF4 MSG@F10ERRORCLASSsbOsbOsblll
  40908C MESSAGE@F10ERRORCLASSsll
  409100 KILL@F10ERRORCLASS
  4091A4 INIT@F10ERRORCLASS16ERRORSTATUSCLASS
  409200 INIT@F10ERRORCLASS
  4092D4 HISTORYMSG@F10ERRORCLASSsblll
  409494 GETPROCEDURENAME@F10ERRORCLASS
  409568 GETCATEGORY@F10ERRORCLASSs
  4095F0 ADDHISTORY@F10ERRORCLASS
  409620 ADDERRORS@F10ERRORCLASS10ERRORBLOCK
  4097CC ADDERROR@F10ERRORCLASSUsRsbRsbUcsa
  409878 DESTRUCT@F10ERRORCLASS
  409894 CONSTRUCT@F10ERRORCLASS
  4098AC DESTRUCT@F16ERRORSTATUSCLASS
  4098E0 CONSTRUCT@F16ERRORSTATUSCLASS
  409A18 CLOSE_@_ERRORLOGINTERFACE_@_STANDARDERRORLOGCLASS@F17ERRORLOGINTERFACEUc
  409A20 OPEN_@_ERRORLOGINTERFACE_@_STANDARDERRORLOGCLASS@F17ERRORLOGINTERFACEUc
  409A28 TAKE_@_ERRORLOGINTERFACE_@_STANDARDERRORLOGCLASS@F17ERRORLOGINTERFACEsb
  409ACC CLOSE@F21STANDARDERRORLOGCLASSUc
  409B48 OPEN@F21STANDARDERRORLOGCLASSUc
  409BF0 DESTRUCT@F21STANDARDERRORLOGCLASS
  409BFC CONSTRUCT@F21STANDARDERRORLOGCLASS
  409E3C REMOVERELATIONFILEMAPPING@F12FILESMANAGER15RELATIONMANAGER
  409E5C REMOVERELATIONFILEMAPPING@F12FILESMANAGERl
  409E78 REMOVEFILEMAPPING@F12FILESMANAGER11FILEMANAGER
  409E94 REMOVEFILEMAPPING@F12FILESMANAGERl
  409EB0 NOTEUSAGE@F12FILESMANAGER11FILEMANAGERUc
  409F88 NOTEOPEN@F12FILESMANAGER11FILEMANAGER
  409FCC NOTECLOSE@F12FILESMANAGER11FILEMANAGER
  40A05C GETRELATIONFILEMAPPING@F12FILESMANAGERl
  40A094 GETFILEMAPPING@F12FILESMANAGERl
  40A0CC GETFILEID@F12FILESMANAGERBf
  40A0E4 FINDRECORD@F12FILESMANAGER11FILEMANAGER
  40A190 ADDFILEMAPPING@F12FILESMANAGER15RELATIONMANAGER
  40A1EC ADDFILEMAPPING@F12FILESMANAGER11FILEMANAGER
  40A248 DESTRUCT@F12FILESMANAGER
  40A288 CONSTRUCT@F12FILESMANAGER
  40A9E0 OPENFILE_@_IFILEOPENSERVER_@_UNTHREADEDFILEOPENSERVER@F15IFILEOPENSERVERl
  40AA70 CLOSEFILE_@_IFILEOPENSERVER_@_UNTHREADEDFILEOPENSERVER@F15IFILEOPENSERVER
  40AAF0 LINK_@_IFILEOPENSERVER_@_UNTHREADEDFILEOPENSERVER@F15IFILEOPENSERVER
  40AB40 RELEASE_@_IFILEOPENSERVER_@_UNTHREADEDFILEOPENSERVER@F15IFILEOPENSERVER
  40ABD4 INIT@F24UNTHREADEDFILEOPENSERVERBf
  40ABE8 DESTRUCT@F24UNTHREADEDFILEOPENSERVER
  40AC0C CONSTRUCT@F24UNTHREADEDFILEOPENSERVER
  40AC3C OPENFILE_@_IFILEOPENSERVER_@_THREADEDFILEOPENSERVER@F15IFILEOPENSERVERl
  40AC68 CLOSEFILE_@_IFILEOPENSERVER_@_THREADEDFILEOPENSERVER@F15IFILEOPENSERVER
  40AC78 LINK_@_IFILEOPENSERVER_@_THREADEDFILEOPENSERVER@F15IFILEOPENSERVER
  40AC84 RELEASE_@_IFILEOPENSERVER_@_THREADEDFILEOPENSERVER@F15IFILEOPENSERVER
  40AC90 RELEASE@F14FILEOPENSERVER
  40ACBC LINK@F14FILEOPENSERVER
  40ACC0 INIT@F14FILEOPENSERVERBf
  40ACC4 DESTRUCT@F14FILEOPENSERVER
  40ACCC CONSTRUCT@F14FILEOPENSERVER
  40ACD8 VALIDATERECORD@F11VIEWMANAGER
  40ACDC UNUSEVIEW@F11VIEWMANAGER
  40AD74 USEVIEW@F11VIEWMANAGER
  40AE38 SETSORT@F11VIEWMANAGERUc
  40AE64 SETORDER@F11VIEWMANAGERsb
  40AEF4 SETFREEELEMENT@F11VIEWMANAGER
  40AF70 SETFILTER@F11VIEWMANAGERsbsb
  40B0AC SETFILTER@F11VIEWMANAGERsb
  40B0F4 SAVEBUFFERS@F11VIEWMANAGER
  40B1A4 RESTOREBUFFERS@F11VIEWMANAGER
  40B20C RESET@F11VIEWMANAGER
  40B218 RESET@F11VIEWMANAGERUc
  40B260 PRIMERECORD@F11VIEWMANAGERUc
  40B3A4 PREVIOUS@F11VIEWMANAGER
  40B408 OPEN@F11VIEWMANAGER
  40B484 NEXT@F11VIEWMANAGER
  40B4E8 KILL@F11VIEWMANAGER
  40B640 GETFIRSTSORTFIELD@F11VIEWMANAGER
  40B91C GETFIELDASCENDING@F11VIEWMANAGERRu
  40BC80 INIT@F11VIEWMANAGERBi15RELATIONMANAGER9SORTORDER
  40BCE0 GETFREEELEMENTPOSITION@F11VIEWMANAGER
  40BD38 GETFREEELEMENTNAME@F11VIEWMANAGER
  40BD8C GETFREEELEMENTASCENDING@F11VIEWMANAGER
  40BDE4 CLEARFILESRECORD@F11VIEWMANAGER
  40BE9C CLOSE@F11VIEWMANAGERUc
  40BEB8 CLOSE@F11VIEWMANAGER
  40BEC4 APPLYRANGE@F11VIEWMANAGER
  40C090 APPLYORDER@F11VIEWMANAGER
  40C0E8 APPLYFILTER@F11VIEWMANAGER
  40C64C APPENDORDER@F11VIEWMANAGERsb
  40C72C ADDSORTORDER@F11VIEWMANAGERBk
  40C7F8 ADDRANGE@F11VIEWMANAGERRu15RELATIONMANAGER15RELATIONMANAGER
  40C820 DESTRUCT@F11VIEWMANAGER
  40C834 DEFEREDADDRELATIONS@F15RELATIONMANAGER
  40C838 UPDATESECONDARY@F15RELATIONMANAGERBk18BUFFEREDPAIRSCLASSUc
  40C9C8 UPDATE@F15RELATIONMANAGERUc
  40CBDC INSERT@F15RELATIONMANAGER
  40CD34 SETOPENRELATED@F15RELATIONMANAGER
  40CD3C SETQUICKSCAN@F15RELATIONMANAGERUcUc
  40CE48 SAVE@F15RELATIONMANAGER
  40CE90 FORCEOPEN@F15RELATIONMANAGERUc
  40CEA0 OPEN@F15RELATIONMANAGERUc
  40CEC8 OPENCLOSESERVER@F15RELATIONMANAGERUcUc
  40D04C LOGOUTINSERT@F15RELATIONMANAGER
  40D0E0 LOGOUTUPDATE@F15RELATIONMANAGER
  40D14C LOGOUTPRIME@F15RELATIONMANAGER
  40D22C LOGOUTDELETE@F15RELATIONMANAGER
  40D2A8 LISTLINKINGFIELDS@F15RELATIONMANAGER15RELATIONMANAGER15FIELDPAIRSCLASSUc
  40D418 KILL@F15RELATIONMANAGER
  40D49C INIT@F15RELATIONMANAGER11FILEMANAGERUc
  40D4D4 DELETESECONDARY@F15RELATIONMANAGERBk18BUFFEREDPAIRSCLASSUcUc
  40D76C DELETE@F15RELATIONMANAGERUc
  40D9B8 CLOSE@F15RELATIONMANAGERUc
  40D9C4 CASCADEUPDATES@F15RELATIONMANAGER
  40DAA0 CANCELAUTOINC@F15RELATIONMANAGER
  40DAB4 ADDRELATIONLINK@F15RELATIONMANAGERRuRu
  40DB00 ADDRELATION@F15RELATIONMANAGER15RELATIONMANAGERUcUcBk
  40DB60 ADDRELATION@F15RELATIONMANAGER15RELATIONMANAGER
  40DB8C DEFEREDRELATIONS@F15RELATIONMANAGER
  40DBB4 CONSTRUCT@F15RELATIONMANAGER
  40DBBC FUNCTIONCALLED_@_FILECALLBACKINTERFACE_@_FILEMANAGER@F21FILECALLBACKINTERFACEl6PARAMSRscRsc
  40DC68 FUNCTIONDONE_@_FILECALLBACKINTERFACE_@_FILEMANAGER@F21FILECALLBACKINTERFACEl6PARAMSRscRsc
  40DDB4 POSTCREATE@F11FILEMANAGERRscRsc
  40DDBC PRECREATE@F11FILEMANAGERRscRsc
  40DDC4 POSTFETCH@F11FILEMANAGERlBksbllRscRsc
  40DDE8 PREFETCH@F11FILEMANAGERlBksbllRscRsc
  40DE0C POSTUPDATE@F11FILEMANAGERRscRsc
  40DE14 PREUPDATE@F11FILEMANAGERllRscRsc
  40DE1C POSTINSERT@F11FILEMANAGERRscRsc
  40DE24 PREINSERT@F11FILEMANAGERllRscRsc
  40DE2C POSTDELETE@F11FILEMANAGERRscRsc
  40DE34 PREDELETE@F11FILEMANAGERRscRsc
  40DE3C FUNCTIONDONE@F11FILEMANAGERl6PARAMSRscRsc
  40DF70 FUNCTIONCALLED@F11FILEMANAGERl6PARAMSRscRsc
  40E0D4 GETHASAUTOINC@F11FILEMANAGER
  40E0DC GETAUTOINCDONE@F11FILEMANAGER
  40E0E4 GETMRPSIZE@F11FILEMANAGER
  40E0EC SETMRPSIZE@F11FILEMANAGERUc
  40E0F4 GETUSEMRP@F11FILEMANAGER
  40E0FC SETUSEMRP@F11FILEMANAGERUc
  40E104 DELETED@F11FILEMANAGER
  40E108 DELETERECORD@F11FILEMANAGERUc
  40E15C VALIDATERECORD@F11FILEMANAGERPl
  40E214 VALIDATEFIELDS@F11FILEMANAGERllPl
  40E2D0 VALIDATEFIELDSERVER@F11FILEMANAGERlUc
  40E33C TRYVALIDATEFIELD@F11FILEMANAGERl
  40E34C VALIDATEFIELD@F11FILEMANAGERl
  40E35C USEFILE@F11FILEMANAGERUc
  40E450 UPDATESERVER@F11FILEMANAGERUc
  40E548 UPDATE@F11FILEMANAGER
  40E554 TRYUPDATE@F11FILEMANAGER
  40E560 TRYREGET@F11FILEMANAGERsb
  40E608 TRYPRIMEAUTOINC@F11FILEMANAGER
  40E614 TRYPREVIOUS@F11FILEMANAGER
  40E624 TRYOPEN@F11FILEMANAGER
  40E634 TRYNEXT@F11FILEMANAGER
  40E644 TRYINSERT@F11FILEMANAGER
  40E650 TRYFETCH@F11FILEMANAGERBk
  40E698 THROWMESSAGE@F11FILEMANAGERUssb
  40E6EC THROW@F11FILEMANAGER
  40E710 THROW@F11FILEMANAGERUs
  40E728 SETKEY@F11FILEMANAGERBk
  40E780 SETERRORS@F11FILEMANAGER10ERRORCLASS
  40E784 SETERROR@F11FILEMANAGERUs
  40E79C SAVEFILE@F11FILEMANAGER
  40E8B8 SAVEBUFFER@F11FILEMANAGER
  40EA10 RESTOREFILE@F11FILEMANAGERRUs11FILEMANAGERUc
  40EB40 RESTOREFILE@F11FILEMANAGERRUsUc
  40EB50 RESTOREBUFFER@F11FILEMANAGERRUs11FILEMANAGERUc
  40ECC0 RESTOREBUFFER@F11FILEMANAGERRUsUc
  40ECD0 PRIMERECORD@F11FILEMANAGERUc
  40EDDC PRIMEFIELDS@F11FILEMANAGER
  40EDE0 PRIMEAUTOINCSERVER@F11FILEMANAGERUc
  40F390 PRIMEAUTOINC@F11FILEMANAGER
  40F39C PREVIOUS@F11FILEMANAGER
  40F3AC POSITION@F11FILEMANAGER
  40F42C OPENSERVER@F11FILEMANAGERUcUc
  40F48C OPENFILE@F11FILEMANAGERUc
  40F6AC OPEN@F11FILEMANAGER
  40F6BC NEXTSERVER@F11FILEMANAGERUcUc
  40F7D8 NEXT@F11FILEMANAGER
  40F7E8 KILL@F11FILEMANAGER
  40F82C KEYTOORDER@F11FILEMANAGERBkUc
  40F978 ISOPENED@F11FILEMANAGER
  40F998 INSERTSERVER@F11FILEMANAGERUc
  40FBB0 INSERT@F11FILEMANAGER
  40FBBC INIT@F11FILEMANAGERBf10ERRORCLASS
  40FC9C INIT@F11FILEMANAGER
  40FCD8 GETOPENED@F11FILEMANAGER
  40FCE0 GETNAME@F11FILEMANAGER
  40FD68 GETFIELDPICTURE@F11FILEMANAGERsa
  40FDA4 GETFIELDNAME@F11FILEMANAGERBkUc
  40FDF4 GETFIELDASCENDING@F11FILEMANAGERBkUc
  40FE28 GETFIELD@F11FILEMANAGERBkUc
  40FE64 GETFIELD@F11FILEMANAGERsa
  40FEC4 GETEOF@F11FILEMANAGER
  40FECC GETCOMPONENTS@F11FILEMANAGERBk
  40FEE8 FINDFIELD@F11FILEMANAGERsa
  40FF30 FETCH@F11FILEMANAGERBk
  40FF68 EQUALBUFFER@F11FILEMANAGERRUs
  4100A4 CLOSE@F11FILEMANAGER
  410138 CLEARKEY@F11FILEMANAGERBkUcUcUc
  4101E8 CANCELAUTOINC@F11FILEMANAGER15RELATIONMANAGER
  410258 BINDFIELDS@F11FILEMANAGER
  41027C ADDKEY@F11FILEMANAGERBksbUc
  410574 DESTRUCT@F11FILEMANAGER
  4105A8 GETFILEMANAGER@Fsa
  4105B8 GETFILEFIELD@Fsasa
  410620 GETFIELDVALUE@Fsasa
  4106A8 SETOPTION@F10FUZZYCLASSUcUc
  41070C KILL@F10FUZZYCLASS
  410710 INIT@F10FUZZYCLASS
  410724 CONSTRUCT@F10FUZZYCLASS
  410804 _SetSkeletonTheme@F
  410840 KILL@F22WBWINDOWHTMLPROPERTIES
  410888 INIT@F22WBWINDOWHTMLPROPERTIES
  4108AC GETSKELETONATTR@F22WBWINDOWHTMLPROPERTIESl
  4108F4 GETPROPERTY@F22WBWINDOWHTMLPROPERTIESsall
  410BEC GETPOSITION@F22WBWINDOWHTMLPROPERTIESRlRlRlRlPlPl
  410C0C GETNAME@F22WBWINDOWHTMLPROPERTIES
  410C28 GETCONTAINER@F22WBWINDOWHTMLPROPERTIES
  410C30 GETCREATEPROMPTGROUP@F22WBWINDOWHTMLPROPERTIES
  410C34 SETSUBMITONCANCEL@F22WBWINDOWHTMLPROPERTIESUc
  410C4C TAKEEIPUPDATE@F27WBLISTCONTROLHTMLPROPERTIES
  410C50 TAKEEIPSELECTROW@F27WBLISTCONTROLHTMLPROPERTIESl
  410C54 AFTERRESPONSE@F27WBLISTCONTROLHTMLPROPERTIES
  410C84 TAKERESPONSE@F27WBLISTCONTROLHTMLPROPERTIESsbsbl17IWBEVENTPROCESSOR
  410D70 CREATEJSLDATA@F23WBCONTROLHTMLPROPERTIES15JSLMANAGERCLASS
  410D88 GETRUNTIMELAYOUT@F23WBCONTROLHTMLPROPERTIES
  410D8C SETEXTRABOOLPROPERTY@F23WBCONTROLHTMLPROPERTIESsaUc
  410DA8 SETEXTRAPROPERTY@F23WBCONTROLHTMLPROPERTIESsasbl
  410DEC SETEXTRAPROPERTY@F23WBCONTROLHTMLPROPERTIESsa6IVALUE
  410E50 POSTEVENT@F23WBCONTROLHTMLPROPERTIESl
  410EE4 POST@F23WBCONTROLHTMLPROPERTIESl
  410F18 GETEXTRAPROPERTY@F23WBCONTROLHTMLPROPERTIESsa
  410F6C GETPIXELWIDTH@F23WBCONTROLHTMLPROPERTIES
  410FB4 GETPIXELHEIGHT@F23WBCONTROLHTMLPROPERTIES
  410FFC GETHOTKEY@F23WBCONTROLHTMLPROPERTIES
  4110DC GETHASGLYPHICON@F23WBCONTROLHTMLPROPERTIES
  4111C0 GETNAMEOFPROMPT@F23WBCONTROLHTMLPROPERTIES
  411288 GETPROMPTFORNAME@F23WBCONTROLHTMLPROPERTIES
  41134C CHANGECONTENTS@F23WBCONTROLHTMLPROPERTIESsbl
  411530 LISTBOXCONTENTSCHANGED@F23WBCONTROLHTMLPROPERTIES
  4115D0 TAKERESPONSE@F23WBCONTROLHTMLPROPERTIESsbsbl17IWBEVENTPROCESSOR
  411A08 BEFORERESPONSE@F23WBCONTROLHTMLPROPERTIES
  411A34 AFTERRESPONSE@F23WBCONTROLHTMLPROPERTIES
  411AAC SETPROPERTY@F23WBCONTROLHTMLPROPERTIESsasb
  411AEC ISHIDDEN@F23WBCONTROLHTMLPROPERTIES
  411C60 ISFONTNEEDED@F23WBCONTROLHTMLPROPERTIES
  411D6C ISDEFAULTBUTTON@F23WBCONTROLHTMLPROPERTIES
  411DB0 INIT@F23WBCONTROLHTMLPROPERTIESll
  411E3C GETVISIBLE@F23WBCONTROLHTMLPROPERTIES
  412098 GETTARGETZONE@F23WBCONTROLHTMLPROPERTIES
  412110 GETSKELETONATTR@F23WBCONTROLHTMLPROPERTIESl
  412920 GETPROPERTY@F23WBCONTROLHTMLPROPERTIESsall
  414664 GETPOSITION@F23WBCONTROLHTMLPROPERTIESRlRlRlRlPlPl
  4148A8 GETNAME@F23WBCONTROLHTMLPROPERTIES
  4148CC GETINSTANCENAME@F23WBCONTROLHTMLPROPERTIES
  4148DC GETEMBEDTEXT@F23WBCONTROLHTMLPROPERTIESsa
  4148F8 GETDEFAULTCONTAINERINDEX@F23WBCONTROLHTMLPROPERTIES
  41492C DESTRUCT@F23WBCONTROLHTMLPROPERTIES
  4149AC CANCONTAIN@F23WBCONTROLHTMLPROPERTIES
  4149E0 RESTOREPIXELS@F23WBCORERUNHTMLPROPERTIES
  414A2C CHANGETOPIXELS@F23WBCORERUNHTMLPROPERTIES
  414A90 INIT@F23WBCORERUNHTMLPROPERTIESll
  414B0C GETPOSITION@F23WBCORERUNHTMLPROPERTIESRlRlRlRlPlPl
  414C28 GETNAME@F23WBCORERUNHTMLPROPERTIES
  414C84 REFRESHVALUE@F17WBPROPERTYTRACKER15JSLMANAGERCLASSsbRu
  414D30 REFRESHCHOICE@F17WBPROPERTYTRACKER15JSLMANAGERCLASSlRl
  414D50 REFRESHTEXT@F17WBPROPERTYTRACKER15JSLMANAGERCLASSsbRu
  414DEC REFRESHVISIBLE@F17WBPROPERTYTRACKER15JSLMANAGERCLASSlRUc
  414E1C REFRESHDISABLED@F17WBPROPERTYTRACKER15JSLMANAGERCLASSlRUc
  414E4C CREATEJSLDATA@F17WBPROPERTYTRACKER15JSLMANAGERCLASS
  414FE0 ABLPROP$CreateValue
  4150D4 ABLPROP$CREATEREFERENCEVALUE
  4150FC ABLPROP$CreateClippedStringValue
  415138 ABLPROP$CreateStringValue
  4151C0 ABLPROP$CreateIntegerValue
  4151D4 ABLPROP$CreateBoolValue
  4151E8 GETPROPERTY_@_IHTMLELEMENTPROPERTIES_@_WBCOREHTMLPROPERTIES@F11IPROPERTIESsall
  4151FC SETPROPERTY_@_IHTMLELEMENTPROPERTIES_@_WBCOREHTMLPROPERTIES@F11IPROPERTIESsasb
  415240 GETEXPANDNOW_@_IHTMLELEMENTPROPERTIES_@_WBCOREHTMLPROPERTIES@F22IHTMLELEMENTPROPERTIES
  415244 GETNAME_@_IHTMLELEMENTPROPERTIES_@_WBCOREHTMLPROPERTIES@F22IHTMLELEMENTPROPERTIES
  415258 GETSKELETONATTR_@_IHTMLELEMENTPROPERTIES_@_WBCOREHTMLPROPERTIES@F22IHTMLELEMENTPROPERTIESl
  415270 GETTARGETZONE_@_IHTMLELEMENTPROPERTIES_@_WBCOREHTMLPROPERTIES@F22IHTMLELEMENTPROPERTIES
  415288 GETPOSITION_@_IHTMLELEMENTPROPERTIES_@_WBCOREHTMLPROPERTIES@F22IHTMLELEMENTPROPERTIESRlRlRlRlPlPl
  4152A4 ISHIDDEN_@_IHTMLELEMENTPROPERTIES_@_WBCOREHTMLPROPERTIES@F22IHTMLELEMENTPROPERTIES
  4152B8 LINK_@_ICONTROLTOHTML_@_WBCOREHTMLPROPERTIES
  4152C8 RELEASE_@_ICONTROLTOHTML_@_WBCOREHTMLPROPERTIES
  4152D8 ADDCONTENTS_@_ICONTROLTOHTML_@_WBCOREHTMLPROPERTIES@F14ICONTROLTOHTMLll
  4152E4 CANCONTAIN_@_ICONTROLTOHTML_@_WBCOREHTMLPROPERTIES@F14ICONTROLTOHTML
  4152F4 GETCONTAINER_@_ICONTROLTOHTML_@_WBCOREHTMLPROPERTIES@F14ICONTROLTOHTML
  415304 GETCONTENTCOUNT_@_ICONTROLTOHTML_@_WBCOREHTMLPROPERTIES@F14ICONTROLTOHTML
  415310 GETCONTENTS_@_ICONTROLTOHTML_@_WBCOREHTMLPROPERTIES@F14ICONTROLTOHTMLl
  415328 GETDEFAULTCONTAINERINDEX_@_ICONTROLTOHTML_@_WBCOREHTMLPROPERTIES@F14ICONTROLTOHTML
  415338 GETID_@_ICONTROLTOHTML_@_WBCOREHTMLPROPERTIES@F14ICONTROLTOHTML
  41533C GETVISIBLE_@_ICONTROLTOHTML_@_WBCOREHTMLPROPERTIES@F14ICONTROLTOHTML
  415350 ISDEFAULTBUTTON_@_ICONTROLTOHTML_@_WBCOREHTMLPROPERTIES@F14ICONTROLTOHTML
  415364 SETMAP_@_ICONTROLTOHTML_@_WBCOREHTMLPROPERTIES@F14ICONTROLTOHTML16IMAPFEQTOCONTROL
  415368 QUERYPROPERTIES_@_ICONTROLTOHTML_@_WBCOREHTMLPROPERTIES@F14ICONTROLTOHTML
  41536C REMOVECONTENTS_@_ICONTROLTOHTML_@_WBCOREHTMLPROPERTIES@F14ICONTROLTOHTMLl
  415390 SETCONTAINER_@_ICONTROLTOHTML_@_WBCOREHTMLPROPERTIES@F14ICONTROLTOHTMLl
  415394 BEFORERESPONSE_@_ICONTROLTOHTML_@_WBCOREHTMLPROPERTIES@F14ICONTROLTOHTML
  4153A8 TAKERESPONSE_@_ICONTROLTOHTML_@_WBCOREHTMLPROPERTIES@F14ICONTROLTOHTMLsbsbl17IWBEVENTPROCESSOR
  41540C AFTERRESPONSE_@_ICONTROLTOHTML_@_WBCOREHTMLPROPERTIES@F14ICONTROLTOHTML
  415420 CREATEJSLDATA@F20WBCOREHTMLPROPERTIES15JSLMANAGERCLASS
  415424 GETINDEXINCONTAINER@F20WBCOREHTMLPROPERTIES
  415478 TAKERESPONSE@F20WBCOREHTMLPROPERTIESsbsbl17IWBEVENTPROCESSOR
  4154A8 BEFORERESPONSE@F20WBCOREHTMLPROPERTIES
  4154AC AFTERRESPONSE@F20WBCOREHTMLPROPERTIES
  4154B0 SETPROPERTY@F20WBCOREHTMLPROPERTIESsasb
  4154CC ISHIDDEN@F20WBCOREHTMLPROPERTIES
  4154D4 ISFONTNEEDED@F20WBCOREHTMLPROPERTIES
  4154DC ISDEFAULTBUTTON@F20WBCOREHTMLPROPERTIES
  4154E4 INIT@F20WBCOREHTMLPROPERTIESl
  4154F0 GETVISIBLE@F20WBCOREHTMLPROPERTIES
  4154F8 GETTARGETZONE@F20WBCOREHTMLPROPERTIES
  415514 GETSKELETONATTR@F20WBCOREHTMLPROPERTIESl
  41555C GETFEQPROPERTY@F20WBCOREHTMLPROPERTIESlsall
  4155AC GETPROPERTY@F20WBCOREHTMLPROPERTIESsall
  4156CC GETPOSITION@F20WBCOREHTMLPROPERTIESRlRlRlRlPlPl
  4156D0 GETFIELDNAME@F20WBCOREHTMLPROPERTIESl
  4157E0 GETNAME@F20WBCOREHTMLPROPERTIES
  4157FC GETDEFAULTCONTAINERINDEX@F20WBCOREHTMLPROPERTIES
  415804 GETCONTAINER@F20WBCOREHTMLPROPERTIES
  415808 CANCONTAIN@F20WBCOREHTMLPROPERTIES
  415810 ADDTOALLTABS@F20WBCOREHTMLPROPERTIESl
  415868 ADDCONTENTS@F20WBCOREHTMLPROPERTIESll
  4158AC DESTRUCT@F20WBCOREHTMLPROPERTIES
  4158CC CONSTRUCT@F20WBCOREHTMLPROPERTIES
  4158E8 GETPROPERTY_@_IPROPERTIES_@_WBPROPERTIESCLASS@F11IPROPERTIESsall
  4158F8 SETPROPERTY_@_IPROPERTIES_@_WBPROPERTIESCLASS@F11IPROPERTIESsasb
  415938 SETPROPERTY@F17WBPROPERTIESCLASSsasb
  415954 GETPROPERTY@F17WBPROPERTIESCLASSsall
  415A00 INIT@F24WBBROWSERPROPERTIESCLASS13WBBROKERCLASS
  415A04 GETPROPERTY@F24WBBROWSERPROPERTIESCLASSsall
  415B4C MAP@F11EVENTMAPPERsa
  415B60 CONSTRUCT@F11EVENTMAPPER
  4163B0 BEFORERESPONSES_@_IWEBRESPONSEPROCESSOR_@_WBWINDOWCLASS@F21IWEBRESPONSEPROCESSORl
  41640C TAKERESPONSE_@_IWEBRESPONSEPROCESSOR_@_WBWINDOWCLASS@F21IWEBRESPONSEPROCESSORsbsb
  4168C0 AFTERRESPONSES_@_IWEBRESPONSEPROCESSOR_@_WBWINDOWCLASS@F21IWEBRESPONSEPROCESSORl
  4169B8 DELAYEDPOST_@_IWBEVENTPROCESSOR_@_WBWINDOWCLASS@F17IWBEVENTPROCESSORll
  4169F4 RESETFROMCONTROL@F13WBWINDOWCLASSl
  416A5C CREATEDEFAULTWINDOW@F13WBWINDOWCLASS
  416AA0 CREATEDEFAULT@F13WBWINDOWCLASSl
  416AF4 TAKEUNKNOWNRESPONSE@F13WBWINDOWCLASSsbsb
  416B24 RESETFROMWINDOW@F13WBWINDOWCLASS
  416BE4 INIT@F13WBWINDOWCLASS
  416C34 DESTRUCT@F13WBWINDOWCLASS
  416C50 CONSTRUCT@F13WBWINDOWCLASS
  416C80 CREATEPAGE_@_IPAGECREATOR_@_WBWINDOWBASECLASS@F12IPAGECREATORsb
  416CC0 CREATEJSLDATA_@_IPAGECREATOR_@_WBWINDOWBASECLASS@F12IPAGECREATOR15JSLMANAGERCLASS
  416CC8 KILL_@_WINDOWCOMPONENT_@_WBWINDOWBASECLASS@F15WINDOWCOMPONENT
  416CD8 RESET_@_WINDOWCOMPONENT_@_WBWINDOWBASECLASS@F15WINDOWCOMPONENTUc
  416CDC RESETREQUIRED_@_WINDOWCOMPONENT_@_WBWINDOWBASECLASS@F15WINDOWCOMPONENT
  416CE0 SETALERTS_@_WINDOWCOMPONENT_@_WBWINDOWBASECLASS@F15WINDOWCOMPONENT
  416CE4 TAKEEVENT_@_WINDOWCOMPONENT_@_WBWINDOWBASECLASS@F15WINDOWCOMPONENT
  416CF4 UPDATE_@_WINDOWCOMPONENT_@_WBWINDOWBASECLASS@F15WINDOWCOMPONENT
  416CF8 UPDATEWINDOW_@_WINDOWCOMPONENT_@_WBWINDOWBASECLASS@F15WINDOWCOMPONENT
  416CFC GETROOT_@_IMAPFEQTOCONTROL_@_WBWINDOWBASECLASS@F16IMAPFEQTOCONTROL
  416D0C MAP_@_IMAPFEQTOCONTROL_@_WBWINDOWBASECLASS@F16IMAPFEQTOCONTROLl
  416D18 SETCONTROLPARENTDEFAULTS@F17WBWINDOWBASECLASSl
  417148 RESETVISIBILITY@F17WBWINDOWBASECLASSll
  4171EC ADDCURRENTTOCONTAINER@F17WBWINDOWBASECLASS
  417280 ADDTOCONTAINERS@F17WBWINDOWBASECLASS
  4172B0 TAKEEVENT@F17WBWINDOWBASECLASS
  4172CC SETPARENTDEFAULTS@F17WBWINDOWBASECLASS
  4172E4 SETFORMATOPTIONS@F17WBWINDOWBASECLASSllll
  4172E8 RESETVISIBILITY@F17WBWINDOWBASECLASS
  417330 RESETFROMWINDOW@F17WBWINDOWBASECLASS
  417334 MAPTOICONTROL@F17WBWINDOWBASECLASSl
  417370 KILL@F17WBWINDOWBASECLASS
  4173C8 INITIALISEDEFAULTS@F17WBWINDOWBASECLASS
  4173EC INIT@F17WBWINDOWBASECLASS
  417408 GETHASCONTROL@F17WBWINDOWBASECLASSl
  417438 CREATEJSL@F17WBWINDOWBASECLASS15JSLMANAGERCLASS
  417488 GENERATEHTML@F17WBWINDOWBASECLASSsb
  4174D4 ADDOWNEDCONTROL@F17WBWINDOWBASECLASS20WBCOREHTMLPROPERTIES
  417554 ADDCONTROL@F17WBWINDOWBASECLASS20WBCOREHTMLPROPERTIES
  417570 RESET@F24WBSPECIALSUBMITITEMCLASSsbsb
  4176C0 KILL_@_WINDOWCOMPONENT_@_WBWINDOWMANAGERCLASS@F15WINDOWCOMPONENT
  4176C8 RESET_@_WINDOWCOMPONENT_@_WBWINDOWMANAGERCLASS@F15WINDOWCOMPONENTUc
  4176CC RESETREQUIRED_@_WINDOWCOMPONENT_@_WBWINDOWMANAGERCLASS@F15WINDOWCOMPONENT
  4176D0 SETALERTS_@_WINDOWCOMPONENT_@_WBWINDOWMANAGERCLASS@F15WINDOWCOMPONENT
  4176D4 TAKEEVENT_@_WINDOWCOMPONENT_@_WBWINDOWMANAGERCLASS@F15WINDOWCOMPONENT
  4176DC UPDATE_@_WINDOWCOMPONENT_@_WBWINDOWMANAGERCLASS@F15WINDOWCOMPONENT
  4176E0 UPDATEWINDOW_@_WINDOWCOMPONENT_@_WBWINDOWMANAGERCLASS@F15WINDOWCOMPONENT
  4176E4 GOHOME@F20WBWINDOWMANAGERCLASS
  417728 GETISHOME@F20WBWINDOWMANAGERCLASS
  41772C SETISHOME@F20WBWINDOWMANAGERCLASSUc
  417744 OPENFILEPREVIEW@F20WBWINDOWMANAGERCLASSsbsbsbUcsb
  4177E0 VALIDATEPASSWORD@F20WBWINDOWMANAGERCLASSsbsb
  417884 TAKEREQUEST@F20WBWINDOWMANAGERCLASS
  417918 TAKEREGISTEREDEVENT@F20WBWINDOWMANAGERCLASS
  417A40 TAKEEVENT@F20WBWINDOWMANAGERCLASS
  417A98 TAKECREATEPAGE@F20WBWINDOWMANAGERCLASS
  417C70 KILL@F20WBWINDOWMANAGERCLASS
  417C9C INIT@F20WBWINDOWMANAGERCLASS13WBSERVERCLASS12IPAGECREATOR21IWEBRESPONSEPROCESSOROsb
  417D30 GETTARGETSECURITY@F20WBWINDOWMANAGERCLASS
  417D44 UNAUTHORIZING@F20WBWINDOWMANAGERCLASS
  417D48 GETAUTHORIZED@F20WBWINDOWMANAGERCLASS
  417DF4 CREATEUNAUTHORIZEDPAGE@F20WBWINDOWMANAGERCLASSsb
  417E48 CREATEDUMMYHTMLPAGE@F20WBWINDOWMANAGERCLASSsb
  418130 TOOLBOX@F10POPUPCLASSsb
  4181BC SETTOOLBOX@F10POPUPCLASSsbUc
  418228 SETICON@F10POPUPCLASSsbsb
  4182A0 SETITEMENABLE@F10POPUPCLASSsbUc
  41834C SETITEM@F10POPUPCLASSllsbsb
  418568 RESETTOOLBOX@F10POPUPCLASS
  418970 LOCATENAME@F10POPUPCLASSsb
  4189F4 KILL@F10POPUPCLASS
  418A10 INIT@F10POPUPCLASS
  418A44 GETNAME@F10POPUPCLASSl
  418B6C GETMENUTEXT@F10POPUPCLASS
  418E54 GETLASTSELECTION@F10POPUPCLASS
  418E64 GETITEMS@F10POPUPCLASSUc
  418F10 EXECUTEPOPUP@F10POPUPCLASSsbllUc
  418FE8 EMPTYITEMS@F10POPUPCLASS
  418FF4 DELETEITEM@F10POPUPCLASSsb
  41903C CHECKMIMICS@F10POPUPCLASS
  4191FC ASKTOOLBOX@F10POPUPCLASSsb
  4196A0 ASK@F10POPUPCLASSllUc
  4197FC ASK@F10POPUPCLASSll
  41980C ADDSUBMENU@F10POPUPCLASSsbsbsb
  4198CC ADDSUBMENU@F10POPUPCLASSsbsb
  419934 ADDMENU@F10POPUPCLASSsbUc
  419A90 ADDITEMMIMIC@F10POPUPCLASSsblOsb
  419B70 ADDITEMEVENT@F10POPUPCLASSsbll
  419C54 ADDITEM@F10POPUPCLASSsbsbsbUc
  419CE8 ADDITEM@F10POPUPCLASSsbsb
  419D58 ADDITEM@F10POPUPCLASSsb
  41A7B4 CLEARQUERY@F10QUERYCLASS
  41A85C GETQUERIES@F10QUERYCLASS11SECTORQUEUE
  41A8F0 RESTORE@F10QUERYCLASSsb
  41B084 TAKE@F10QUERYCLASS10POPUPCLASS
  41B124 SAVE@F10QUERYCLASSsb
  41B280 SETQUICKPOPUP@F10QUERYCLASS10POPUPCLASSUs
  41B838 QUOTE@F10QUERYCLASSsb
  41B91C GETLIMIT@F10QUERYCLASSRscRscRUcUcRsc
  41BEE0 GETFILTER@F10QUERYCLASS
  41C3EC MAKEOPERATOR@FsbsbRscRsc
  41C7B8 MAKEOPERATOR@Fsbsb
  41C9BC SETPRIORITIES@F17WINDOWRESIZECLASS13POSITIONGROUP
  41CA08 SETSIZE@F17WINDOWRESIZECLASSl13POSITIONGROUP
  41CABC GETSIZEINFO@F17WINDOWRESIZECLASSl13POSITIONGROUP
  41CBD0 RESTORECONTROLS@F17WINDOWRESIZECLASS
  41CC24 TAKERESIZE@F17WINDOWRESIZECLASS
  41CC2C SETPOSITION@F17WINDOWRESIZECLASSl13POSITIONGROUP13POSITIONGROUP13POSITIONGROUP13POSITIONGROUP
  41D310 SETPARENTDEFAULT@F17WINDOWRESIZECLASS
  41D5FC SETPARENTDEFAULTS@F17WINDOWRESIZECLASS
  41D638 SETPARENTCONTROL@F17WINDOWRESIZECLASSll
  41D6AC RESTOREWINDOW@F17WINDOWRESIZECLASS
  41D758 WINDOWRESIZEEND@F17WINDOWRESIZECLASS
  41D75C WINDOWRESIZEBEGIN@F17WINDOWRESIZECLASS
  41D760 RESIZECHILDREN@F17WINDOWRESIZECLASSl13POSITIONGROUP13POSITIONGROUP
  41D928 RESIZE@F17WINDOWRESIZECLASSl
  41DC60 RESIZE@F17WINDOWRESIZECLASS
  41DC70 RESET@F17WINDOWRESIZECLASS
  41DF60 KILL@F17WINDOWRESIZECLASS
  41DFEC INIT@F17WINDOWRESIZECLASSUcUcUc
  41E1FC GETCURRENTPOS@F17WINDOWRESIZECLASSl13POSITIONGROUP
  41E238 GETORIGPOS@F17WINDOWRESIZECLASSl13POSITIONGROUP
  41E288 GETRESIZESTRATEGY@F17WINDOWRESIZECLASSsOUc
  41E408 GETPOSITIONSTRATEGY@F17WINDOWRESIZECLASSsOUc
  41E580 GETPARENTCONTROL@F17WINDOWRESIZECLASSl
  41E638 TAKEEVENT@F12TOOLBARCLASSPl13WINDOWMANAGER
  41E664 SETTARGET@F12TOOLBARCLASSl
  41E70C KILL@F12TOOLBARCLASS
  41E724 INIT@F12TOOLBARCLASS
  41E744 DISPLAYBUTTONS@F12TOOLBARCLASS
  41E76C ADDTARGET@F12TOOLBARCLASS13TOOLBARTARGETl
  41E7A0 TRYTAKETOOLBAR@F18TOOLBARUPDATECLASS
  41E7AC TAKEEVENT@F18TOOLBARUPDATECLASSPl13WINDOWMANAGER
  41E7E8 TAKETOOLBAR@F18TOOLBARUPDATECLASS
  41E830 DISPLAYBUTTONS@F18TOOLBARUPDATECLASS
  41E8E0 TRYTAKETOOLBAR@F19TOOLBARLISTBOXCLASS
  41E934 TAKEEVENT@F19TOOLBARLISTBOXCLASSPl13WINDOWMANAGER
  41EA7C TAKETOOLBAR@F19TOOLBARLISTBOXCLASS
  41EAA0 DISPLAYBUTTONS@F19TOOLBARLISTBOXCLASS
  41EACC TAKEEVENT@F13TOOLBARTARGETPl13WINDOWMANAGER
  41EB4C DISPLAYBUTTONS@F13TOOLBARTARGET
  41ED30 SETTIPS@Fsb
  41EE58 UPDATEQUEUE@F8INICLASSsbsbBqRuPuPuPu
  41F07C UPDATE@F8INICLASSsbsbsb
  41F138 UPDATE@F8INICLASSsbBw
  41F318 UPDATE@F8INICLASS
  41F31C TRYFETCH@F8INICLASSsbsb
  41F394 REMOVE@F8INICLASSsbsb
  41F4F4 KILL@F8INICLASS
  41F62C INIT@F8INICLASSsbll
  41F744 GETSECTORS@F8INICLASSOsbOsbOsb11SECTORQUEUE
  41F954 GETSECTOR@F8INICLASSsbsbsb
  41FA44 GETFAMILY@F8INICLASSsbRscRscRsc
  41FBC8 FETCHQUEUE@F8INICLASSsbsbBqRuPuPuPu
  41FE3C FETCHFIELD@F8INICLASSsbsbUc
  41FF7C FETCH@F8INICLASSsbsbRu
  420040 FETCH@F8INICLASSsbBw
  4202A0 FETCH@F8INICLASSsbsb
  420378 FETCH@F8INICLASS
  42037C ADDSECTOR@F8INICLASSsb
  42045C UPDATEWINDOWINFO@F8INICLASSsb10WINDOWINFO
  4206C8 FETCHWINDOWINFO@F8INICLASSsb10WINDOWINFO
  420940 UPDATE@F8INICLASSsbsbsbsb
  420B2C FETCH@F8INICLASSsbsbsbsb
  420D50 DESTRUCT@F8INICLASS
  420D6C CONSTRUCT@F8INICLASS
  420D80 KILL@F18BUFFEREDPAIRSCLASS
  420DFC INIT@F18BUFFEREDPAIRSCLASS
  420E1C EQUALRIGHTBUFFER@F18BUFFEREDPAIRSCLASSUc
  420EAC EQUALLEFTBUFFER@F18BUFFEREDPAIRSCLASSUc
  420F38 EQUALRIGHTBUFFER@F18BUFFEREDPAIRSCLASS
  420F44 EQUALLEFTBUFFER@F18BUFFEREDPAIRSCLASS
  420F50 ASSIGNRIGHTTOBUFFER@F18BUFFEREDPAIRSCLASS
  420F98 ASSIGNLEFTTOBUFFER@F18BUFFEREDPAIRSCLASS
  420FDC ASSIGNBUFFERTORIGHT@F18BUFFEREDPAIRSCLASS
  421024 ASSIGNBUFFERTOLEFT@F18BUFFEREDPAIRSCLASS
  421068 ADDPAIR@F18BUFFEREDPAIRSCLASSRuRu
  421108 INIT@F15FIELDPAIRSCLASS
  421124 KILL@F15FIELDPAIRSCLASS
  421188 EQUALLEFTRIGHT@F15FIELDPAIRSCLASS
  4211D8 EQUAL@F15FIELDPAIRSCLASS
  4211E0 CLEARRIGHT@F15FIELDPAIRSCLASS
  42121C CLEARLEFT@F15FIELDPAIRSCLASS
  421254 ASSIGNRIGHTTOLEFT@F15FIELDPAIRSCLASS
  421298 ASSIGNLEFTTORIGHT@F15FIELDPAIRSCLASS
  4212DC ADDPAIR@F15FIELDPAIRSCLASSRuRu
  421320 NEXT@F13CONSTANTCLASS
  4214DC SET@F13CONSTANTCLASSRsb
  421530 RESET@F13CONSTANTCLASS
  421580 KILL@F13CONSTANTCLASS
  4215E0 INIT@F13CONSTANTCLASSUc
  421624 GETCSTRING@F13CONSTANTCLASS
  4216A4 GETPSTRING@F13CONSTANTCLASS
  421730 GETLONG@F13CONSTANTCLASS
  421754 GETUSHORT@F13CONSTANTCLASS
  42177C GETSHORT@F13CONSTANTCLASS
  421784 GETBYTE@F13CONSTANTCLASS
  421798 ADDITEM@F13CONSTANTCLASSUcRu
  4217D4 CONSTRUCT@F13CONSTANTCLASS
  4217EC REMOVEDOLLAR@Fsb
  4218C0 ADDDOLLAR@Fsb
  421A44 ONCLOSEEVENTCANCELLED@F13WINDOWMANAGER
  421A5C SAVEONINSERTACTION@F13WINDOWMANAGER
  421B00 SAVEONCHANGEACTION@F13WINDOWMANAGER
  421C0C DELETEACTION@F13WINDOWMANAGER
  421DB4 CHANGEACTION@F13WINDOWMANAGER
  422118 INSERTACTION@F13WINDOWMANAGER
  422308 TAKEDISABLEBUTTON@F13WINDOWMANAGERlUc
  422330 UPDATE@F13WINDOWMANAGER
  42236C TAKEWINDOWEVENT@F13WINDOWMANAGER
  422594 TAKESELECTED@F13WINDOWMANAGER
  422598 TAKEREJECTED@F13WINDOWMANAGER
  4225D4 TAKENOTIFY@F13WINDOWMANAGERlll
  4225D8 TAKENEWSELECTION@F13WINDOWMANAGER
  422658 TAKEFIELDEVENT@F13WINDOWMANAGER
  42265C TAKEEVENT@F13WINDOWMANAGER
  422810 TAKECLOSEEVENT@F13WINDOWMANAGER
  422990 TAKECOMPLETED@F13WINDOWMANAGER
  422A68 TAKEACCEPTED@F13WINDOWMANAGER
  422B54 SETRESPONSE@F13WINDOWMANAGERUc
  422BA0 SETALERTS@F13WINDOWMANAGER
  422C50 SAVEHISTORY@F13WINDOWMANAGER
  422CF8 RUN@F13WINDOWMANAGERUsUc
  422CFC RUN@F13WINDOWMANAGER
  422D48 RESTOREFIELD@F13WINDOWMANAGERl
  422E1C RESETBUFFERS@F13WINDOWMANAGERUc
  422E80 RESET@F13WINDOWMANAGERUc
  422F08 PRIMEUPDATE@F13WINDOWMANAGER
  42304C PRIMEFIELDS@F13WINDOWMANAGER
  423050 POSTCOMPLETED@F13WINDOWMANAGER
  4230E8 OPEN@F13WINDOWMANAGERBwBw
  423130 OPEN@F13WINDOWMANAGER
  423174 MODALEVENT@F13WINDOWMANAGER
  423258 KILL@F13WINDOWMANAGER
  4233AC INIT@F13WINDOWMANAGER
  423428 REMOVEITEM@F13WINDOWMANAGER15WINDOWCOMPONENT
  423460 ASK@F13WINDOWMANAGER
  4234C4 ADDUPDATEFILE@F13WINDOWMANAGER11FILEMANAGER
  423504 ADDITEM@F13WINDOWMANAGER17WINDOWRESIZECLASS
  42350C ADDITEM@F13WINDOWMANAGER15WINDOWCOMPONENT
  423538 ADDITEM@F13WINDOWMANAGER18TOOLBARUPDATECLASS
  423590 ADDITEM@F13WINDOWMANAGER12TOOLBARCLASS
  4235A4 ADDITEM@F13WINDOWMANAGERlUc
  4235C8 ADDITEM@F13WINDOWMANAGER11BROWSECLASS
  4235F0 ADDHISTORYFILE@F13WINDOWMANAGERRgRg
  423648 ADDHISTORYFIELD@F13WINDOWMANAGERll
  423670 DISABLECANCELCONTROLS@F13WINDOWMANAGER
  4236C8 ENABLECANCELCONTROLS@F13WINDOWMANAGER
  423954 SETUP@F19SORTHEADERCLASSTYPEBqlOsbOsbBiBk
  423984 APPLYSORTCOLORS@F19SORTHEADERCLASSTYPEl
  423ADC ALLOWDESCENDING@F19SORTHEADERCLASSTYPEsb
  423B00 VALIDFIELD@F19SORTHEADERCLASSTYPEsb
  423C94 GETSORTINGCOLUMNSTRING@F19SORTHEADERCLASSTYPEsbsbsb
  423EA8 FINDRECORD@F19SORTHEADERCLASSTYPE
  424098 ONHEADERPRESSED@F19SORTHEADERCLASSTYPE
  424274 SETPREVSORTORDER@F19SORTHEADERCLASSTYPE
  4242E0 LOADSORT@F19SORTHEADERCLASSTYPE
  424530 SAVESORT@F19SORTHEADERCLASSTYPE
  424780 SETSTORAGESETTINGS@F19SORTHEADERCLASSTYPEsbsb
  4247E4 GETSTRINGFROMSORT@F19SORTHEADERCLASSTYPE
  424920 SETSORTFROMSTRING@F19SORTHEADERCLASSTYPEsb
  424CC8 SORTQUEUE@F19SORTHEADERCLASSTYPE
  425534 RESTOREHEADERTEXT@F19SORTHEADERCLASSTYPE
  4255F8 GETCOLUMNNAME@F19SORTHEADERCLASSTYPEl
  4256F8 GETCOLUMNTEXT@F19SORTHEADERCLASSTYPEl
  4257C8 RESETSORT@F19SORTHEADERCLASSTYPE
  4257F0 CLEARSORT@F19SORTHEADERCLASSTYPE
  42582C KILL@F19SORTHEADERCLASSTYPE
  425880 GETSORTORDER@F19SORTHEADERCLASSTYPE
  4258F0 TAKEEVENTS@F19SORTHEADERCLASSTYPE
  425A10 SETALERTS@F19SORTHEADERCLASSTYPE
  425A14 INIT@F19SORTHEADERCLASSTYPEBqlOsbOsbBiBk
  425D34 GETIFACE@F15CRITICALSECTION
  425D38 DESTRUCT@F15CRITICALSECTION
  425D4C CONSTRUCT@F15CRITICALSECTION
  425D60 KILL@F17CRITICALPROCEDURE
  425D84 INIT@F17CRITICALPROCEDURE11ISYNCOBJECT
  425DA4 DESTRUCT@F17CRITICALPROCEDURE
  425DAC CONSTRUCT@F17CRITICALPROCEDURE
  4274CC __thr_inst0
  4274DC __thr_init_entry
  4274FC __thr_init_exit
  42FE5C __thunk.KATALOGKNJIGE002$POPISADMINA@F
  430988 KATALOGKNJIGE001$AZURIRANJERANGOVA@F
  430DF0 KATALOGKNJIGE001$AZURIRANJEPRODAVACA@F
  43159C KATALOGKNJIGE001$AZURIRANJEKNJIGA@F
  431D34 KATALOGKNJIGE001$AZURIRANJEKLIJENATA@F
  4322F0 KATALOGKNJIGE001$POPISKLIJENATA@F
  432720 KATALOGKNJIGE001$POPISZANROVA@F
  432B10 KATALOGKNJIGE001$POPISRANGOVA@F
  432F40 KATALOGKNJIGE001$POPISKNJIGA@F
  4334F8 KATALOGKNJIGE001$POPISPRODAVACA@F
  433CF4 POCETNIEKRAN@F
  438C70 KATALOGKNJIGE002$AZURIRANJEADMINA@F
  43918C KATALOGKNJIGE002$POPISADMINA@F
  43950C KATALOGKNJIGE002$LOGIN@F
  439730 KATALOGKNJIGE002$AZURIRANJEPRIPADANJA@F
  439C4C KATALOGKNJIGE002$AZURIRANJENARUCIVANJA@F
  43A168 KATALOGKNJIGE002$AZURIRANJEPRODAJE@F
  43A6C8 KATALOGKNJIGE002$AZURIRANJEZANROVA@F
  43B074 KILL@F16HIDE:RELATE:ULAZ
  43B0BC INIT@F16HIDE:RELATE:ULAZ
  43B0F4 USEFILE@F16HIDE:ACCESS:ULAZUc
  43B1C0 KILL@F16HIDE:ACCESS:ULAZ
  43B1EC INIT@F16HIDE:ACCESS:ULAZ
  43B26C KILL@F22HIDE:RELATE:PI_POMOCNA
  43B2B4 INIT@F22HIDE:RELATE:PI_POMOCNA
  43B2EC USEFILE@F22HIDE:ACCESS:PI_POMOCNAUc
  43B360 KILL@F22HIDE:ACCESS:PI_POMOCNA
  43B38C INIT@F22HIDE:ACCESS:PI_POMOCNA
  43B40C KILL@F19HIDE:RELATE:PRIPADA
  43B454 DEFEREDADDRELATIONS@F19HIDE:RELATE:PRIPADA
  43B474 INIT@F19HIDE:RELATE:PRIPADA
  43B4AC USEFILE@F19HIDE:ACCESS:PRIPADAUc
  43B578 KILL@F19HIDE:ACCESS:PRIPADA
  43B5A4 INIT@F19HIDE:ACCESS:PRIPADA
  43B624 KILL@F19HIDE:RELATE:PRODAJE
  43B66C DEFEREDADDRELATIONS@F19HIDE:RELATE:PRODAJE
  43B68C INIT@F19HIDE:RELATE:PRODAJE
  43B6C4 VALIDATEFIELDSERVER@F19HIDE:ACCESS:PRODAJElUc
  43B798 USEFILE@F19HIDE:ACCESS:PRODAJEUc
  43B8C4 KILL@F19HIDE:ACCESS:PRODAJE
  43B8F0 INIT@F19HIDE:ACCESS:PRODAJE
  43B970 KILL@F20HIDE:RELATE:NARUCUJE
  43B9B8 DEFEREDADDRELATIONS@F20HIDE:RELATE:NARUCUJE
  43B9D8 INIT@F20HIDE:RELATE:NARUCUJE
  43BA10 USEFILE@F20HIDE:ACCESS:NARUCUJEUc
  43BADC KILL@F20HIDE:ACCESS:NARUCUJE
  43BB08 INIT@F20HIDE:ACCESS:NARUCUJE
  43BB88 KILL@F16HIDE:RELATE:ZANR
  43BBD0 DEFEREDADDRELATIONS@F16HIDE:RELATE:ZANR
  43BBF0 INIT@F16HIDE:RELATE:ZANR
  43BC28 USEFILE@F16HIDE:ACCESS:ZANRUc
  43BCF4 KILL@F16HIDE:ACCESS:ZANR
  43BD20 INIT@F16HIDE:ACCESS:ZANR
  43BDA0 KILL@F17HIDE:RELATE:KUPAC
  43BDE8 DEFEREDADDRELATIONS@F17HIDE:RELATE:KUPAC
  43BE08 INIT@F17HIDE:RELATE:KUPAC
  43BE40 USEFILE@F17HIDE:ACCESS:KUPACUc
  43BF6C KILL@F17HIDE:ACCESS:KUPAC
  43BF98 INIT@F17HIDE:ACCESS:KUPAC
  43C018 KILL@F20HIDE:RELATE:PRODAVAC
  43C060 DEFEREDADDRELATIONS@F20HIDE:RELATE:PRODAVAC
  43C080 INIT@F20HIDE:RELATE:PRODAVAC
  43C0B8 USEFILE@F20HIDE:ACCESS:PRODAVACUc
  43C238 KILL@F20HIDE:ACCESS:PRODAVAC
  43C264 INIT@F20HIDE:ACCESS:PRODAVAC
  43C2E4 KILL@F16HIDE:RELATE:RANG
  43C32C DEFEREDADDRELATIONS@F16HIDE:RELATE:RANG
  43C34C INIT@F16HIDE:RELATE:RANG
  43C384 VALIDATEFIELDSERVER@F16HIDE:ACCESS:RANGlUc
  43C458 USEFILE@F16HIDE:ACCESS:RANGUc
  43C554 KILL@F16HIDE:ACCESS:RANG
  43C580 INIT@F16HIDE:ACCESS:RANG
  43C600 KILL@F18HIDE:RELATE:KNJIGA
  43C648 DEFEREDADDRELATIONS@F18HIDE:RELATE:KNJIGA
  43C668 INIT@F18HIDE:RELATE:KNJIGA
  43C6A0 USEFILE@F18HIDE:ACCESS:KNJIGAUc
  43C7F8 KILL@F18HIDE:ACCESS:KNJIGA
  43C824 INIT@F18HIDE:ACCESS:KNJIGA
  43C8A4 KATALOGKNJIGE_BC0$KATALOGKNJIGE_BC0:FILESINIT@F
  43C98C KATALOGKNJIGE_BC0$KATALOGKNJIGE_BC0:DCTKILL@F
  43CB30 KATALOGKNJIGE_BC0$KATALOGKNJIGE_BC0:DCTINIT@F
  43CFB8 DCTKILL@F
  43CFC0 DCTINIT@F
  43CFCC _main
  43D07C DESTRUCT@F10DICTIONARY
  43D084 CONSTRUCT@F10DICTIONARY
  43D094 CLOSE@F15SHUTDOWNMANAGER
  43D0C8 WEB:INITIALISE@F
  43D23C IC$WritePatchedSkeleton
  43D248 IC$OpenSkeleton
  43D254 _11html_expand__Close@F
  43D28C _11html_expand__Open@F
  43D32C _11html_expand__replace@FPCcPc
  43D354 _11html_expand__close@FPc
  43D3D0 _11html_expand__open@FPcPc
  43D63C _11ReplaceList__OutputText@FP11html_expand
  43D660 _15CompoundReplace__EndSection@FUl
  43D664 _15CompoundReplace__ct__@FPcUiUl
  43D680 _15CompoundReplace__OutputText@FP11html_expand
  43D6FC _15CompoundReplace____DtDel$@F
  43D720 _11html_expand__write@FPCcUi
  43D730 _11html_expand__skip@FUi
  43D734 _11html_expand__writeto@FUi
  43D75C _13SimpleReplace__ct__@FPcUiUl
  43D7A4 _13SimpleReplace__OutputText@FP11html_expand
  43D7F0 _13SimpleReplace____DtDel$@F
  43D804 _7Mapping__NewHashElement@CF
  43D834 _7Mapping____DtDel$@F
  43D848 _7MapItem____DtDel$@F
  43D8AC IC$UnloadBroker
  43D8C0 IC$IsExeRunningInBrowser
  43D8E4 IC$SendPage
  43D920 IC$RequestClient
  43D92C IC$RequestText
  43D938 IC$ConnectToBroker
  43D944 IC$RegisterServer
  43D950 IC$TerminateRPC
  43D99C IC$InitialiseRPC
  43DA08 IC$GetCommandLine
  43DA24 _IC$InternetEnabled@F
  43DA3C _SetUp
  43DA98 _Request
  43DB10 _Terminate
  43DB4C _13RPCconnection__Initialise@FPCc
  43DB54 _13RPCconnection__GetRequestClient@F
  43DB60 _13RPCconnection__GetRequestText@F
  43DB74 _13RPCconnection__Setup@FPv
  43DB78 _13RPCconnection__TakeRequest@FPvUiPCcPCcUi
  43DBB8 _11BrokerProxy__SetDead@F
  43DBC0 _11BrokerProxy__SendTerminated@F
  43DC00 _11BrokerProxy__TakeReady@F
  43DC40 _11BrokerProxy__SendPage@FPCcUi
  43DC88 _11BrokerProxy__Initialise@FPCc
  43DD0C _6String__Set@FPCc
  43DD24 _OlesInitialiseRPC@FPCc
  43DDC4 _OlesTerminateRpc@F
  43DFC8 _extract@FPciPcPc
  43DFF8 _ParseInt@FPCci
  43E024 MIDL_user_free
  43E030 MIDL_user_allocate
  43E03C _23__NoClash__MemoryAttr____Set@FUiPCv
  43E050 _23__NoClash__MemoryAttr____clear@F
  43E05C _23__NoClash__MemoryAttr____copy@FUiPCv
  43E08C _23__NoClash__MemoryAttr____ct__@F
  43E09C _23__NoClash__MemoryAttr____dt__@F
  43E0BC _13RPCconnection__ct__@F
  43E0D4 _11BrokerProxy__ct__@F
  43E108 IC$GetEnvironmentVariable
  43E154 IC$Extract
  43E184 IC$Item
  43E250 IC$FileExists
  43E290 IC$RemoveDirectory
  43E2CC IC$CreateDirectory
  43E330 IC$QuoteJcl
  43E380 IC$HotKey
  43E3E4 IC$StripHotkey
  43E450 IC$QuoteHtml
  43E4A0 _QuoteJclText@FR6DynStrPCc
  43E50C _HTMLcontroltext@FR6DynStrPCci
  43E640 _GetStrProperty@FUiUiR6DynStrUi
  43E664 TAKEUNAUTHORIZED@F13WBBROKERCLASSsbl
  43E728 TAKEJSLDATA@F13WBBROKERCLASSsbl
  43E7A8 TAKEHTMLPAGE@F13WBBROKERCLASSsblUc
  43E878 TAKEFILE@F13WBBROKERCLASSsblUc
  43E970 TAKEBEFOREBUILDHEADER@F13WBBROKERCLASS
  43E974 SETCLIENTBROWSER@F13WBBROKERCLASS
  43EB60 SETCLIENT@F13WBBROKERCLASS
  43EBAC TAKEHTTPHEADER@F13WBBROKERCLASSsb
  43EBC8 PROCESSHTTPHEADER@F13WBBROKERCLASSsb
  43EC1C OPENCHANNEL@F13WBBROKERCLASS
  43EC30 KILL@F13WBBROKERCLASS
  43EC84 INIT@F13WBBROKERCLASSsb12WBFILESCLASS
  43EDA8 GETREQUESTARGUMENTS@F13WBBROKERCLASS
  43EDD4 GETENABLED@F13WBBROKERCLASS
  43EDE4 GETCLIENT@F13WBBROKERCLASS
  43EDF4 GETAUTHORIZEDINFO@F13WBBROKERCLASSsbRsbRsb
  43EE4C CLOSECHANNEL@F13WBBROKERCLASS
  43EE5C TAKEUNAUTHORIZED@F20WBCLIENTMANAGERCLASSsbl
  43EEA4 TAKEJSLDATA@F20WBCLIENTMANAGERCLASSsbl
  43EEEC TAKEHTMLPAGE@F20WBCLIENTMANAGERCLASSsblUc
  43EF34 TAKEFILE@F20WBCLIENTMANAGERCLASSsblUc
  43EF7C SETIP@F20WBCLIENTMANAGERCLASS
  43EF94 NEXTHTMLPAGE@F20WBCLIENTMANAGERCLASS
  43EFB4 KILL@F20WBCLIENTMANAGERCLASS
  43EFE4 INIT@F20WBCLIENTMANAGERCLASS15WBDATASINKCLASS21WBBROWSERMANAGERCLASS
  43F024 FEQ2ID@F20WBCLIENTMANAGERCLASSl
  43F038 INIT@F21WBBROWSERMANAGERCLASSUcUcUc
  43F3E4 _13WbFilesClass__Get@F
  43F3EC _13WbFilesClass__Set@FR13WbFilesClass
  43F3FC SELECTTARGET@F12WBFILESCLASSl
  43F584 REMOVEALL@F12WBFILESCLASS
  43F5C4 KILL@F12WBFILESCLASS
  43F5C8 WebFiles$InitializeRPC
  43F6D4 INIT@F12WBFILESCLASSUcOsb
  43F8D0 SETICONSWIDTH@F12WBFILESCLASSUc
  43F8D4 GETICONSWIDTH@F12WBFILESCLASS
  43F8D8 GETWINDOWTEXTONMESSAGE@F12WBFILESCLASS
  43F8DC SETICONSSUPPORT@F12WBFILESCLASSUc
  43F8EC GETICONSSUPPORT@F12WBFILESCLASS
  43F8F0 GETSEPARATESECURE@F12WBFILESCLASS
  43F920 GETRELATIVEFILENAME@F12WBFILESCLASSsb
  43FA04 GETPUBLICDIRECTORY@F12WBFILESCLASSl
  43FA44 GETWEBPROGRAMREF@F12WBFILESCLASSl
  43FB08 GETWEBPROGRAMNAME@F12WBFILESCLASS
  43FBC0 GETPROGRAMREF@F12WBFILESCLASSl
  43FC04 GETPROGRAMNAME@F12WBFILESCLASS
  43FCBC GETFILENAME@F12WBFILESCLASSll
  43FD28 GETINSTANCEDIRECTORY@F12WBFILESCLASSl
  43FD4C GETALIASPREFIX@F12WBFILESCLASS
  43FDAC GETALIAS@F12WBFILESCLASSOsb
  440070 FINISHINIT@F12WBFILESCLASSsb
  440390 GETPROPERTY@F17WBTABLEPROPERTIESsall
  440458 KILL@F17WBTABLEPROPERTIES
  440490 GETPROPERTY@F16WBFILEPROPERTIESsall
  4404E4 SETPSEUDOFEQS@FRlRl
  440574 ANONYMOUS@Fl
  4405BC WBFRAME$SetActiveFrame
  4405D8 WbFrame$GetActiveFrame
  4405F4 TAKEEVENT@F12WBFRAMECLASS
  4405FC INIT@F12WBFRAMECLASS
  440698 COPYCONTROLSTOWINDOW@F12WBFRAMECLASSUcUc
  440CD4 IC:STOP@FOsb
  440D58 IC:PRINTERDIALOG@FOsbl
  440DC0 IC:MESSAGE@FsbOsbOsbOsbll
  441254 IC:HALT@FlOsb
  44132C IC:FONTDIALOG@FOsbRuPuPuPul
  441394 IC:FILEDIALOG@FOsbRuOsbl
  441410 IC:FATALERROR@Flsb
  441500 IC:COLORDIALOG@FOsbRu
  441568 IC:ASSERT2@Flsbsb
  4417A0 IC:ASSERT@Flsb
  4417E8 IC$InitializeHooks
  4419F8 IC$ClearHooks
  441BAC WRITEJAVASCRIPT@F11WBHTMLCLASS
  442C58 KILL@F11WBHTMLCLASS
  442C70 INIT@F11WBHTMLCLASS12WBFILESCLASS
  442C90 FASTINSTRING@FUcRsbl
  442CDC SETHIQPROPERTY@F13HTTPINFOQUEUEsbsbll
  442DC0 GETHIQPROPERTY@F13HTTPINFOQUEUEsb
  442E44 RESETLINE@F19WBMULTIPARTITERATORl
  442EC0 NEXTLINE@F19WBMULTIPARTITERATOR
  442ED0 NEXTARGUMENT@F19WBMULTIPARTITERATOR
  442EDC INIT@F19WBMULTIPARTITERATORRsbsb
  442F28 GETFILENAME@F19WBMULTIPARTITERATOR
  442F4C GETVALUE@F19WBMULTIPARTITERATOR
  442F70 GETNAME@F19WBMULTIPARTITERATOR
  442F94 FINDNEXT@F19WBMULTIPARTITERATORl
  443108 FIRSTARGUMENT@F19WBMULTIPARTITERATOR
  443118 EXTRACTARGUMENT@F19WBMULTIPARTITERATORsbRlRl
  4431EC NEXTARGUMENT@F21WBURLENCODINGITERATOR
  4431F8 INIT@F21WBURLENCODINGITERATORRsb
  44322C GETVALUE@F21WBURLENCODINGITERATOR
  443278 GETNAME@F21WBURLENCODINGITERATOR
  4432B4 FINDNEXT@F21WBURLENCODINGITERATORl
  443310 FIRSTARGUMENT@F21WBURLENCODINGITERATOR
  443320 LINK_@_IWBARGUMENTITERATOR_@_WBARGUMENTITERATOR
  443330 RELEASE_@_IWBARGUMENTITERATOR_@_WBARGUMENTITERATOR
  443340 FIRST_@_IWBARGUMENTITERATOR_@_WBARGUMENTITERATOR
  443354 NEXT_@_IWBARGUMENTITERATOR_@_WBARGUMENTITERATOR
  443368 ISVALID_@_IWBARGUMENTITERATOR_@_WBARGUMENTITERATOR
  443388 GETCURRENT_@_IWBARGUMENTITERATOR_@_WBARGUMENTITERATOR
  443390 GETNAME_@_IWBARGUMENTITERATOR_@_WBARGUMENTITERATOR
  4433A8 GETVALUE_@_IWBARGUMENTITERATOR_@_WBARGUMENTITERATOR
  4433C0 NEXTARGUMENT@F18WBARGUMENTITERATOR
  4433C4 INIT@F18WBARGUMENTITERATORRsb
  4433E8 GETVALUE@F18WBARGUMENTITERATOR
  443404 GETNAME@F18WBARGUMENTITERATOR
  443420 FIRSTARGUMENT@F18WBARGUMENTITERATOR
  443424 STORECOOKIE@F11WBHTTPCLASSsb
  443518 STORECOOKIES@F11WBHTTPCLASSsb
  4435E4 SETPROCNAME@F11WBHTTPCLASSsb
  44362C SETPROGNAME@F11WBHTTPCLASSsb
  443670 SETCOOKIEMODIFIED@F11WBHTTPCLASSUcsbsbllOsb
  443794 SENDCOOKIES@F11WBHTTPCLASS
  4439BC PREPAREUNAUTHORIZED@F11WBHTTPCLASSOsb
  443A7C PREPAREPAGEFORJS@F11WBHTTPCLASSlOsb
  443AD8 PREPAREPAGEFORBROWSER@F11WBHTTPCLASSlOsb
  443B34 GETISMOBILEBROWSER@F11WBHTTPCLASS
  443B38 GETISAJAXREQUEST@F11WBHTTPCLASS
  443B3C GETSERVERPROPERTY@F11WBHTTPCLASSsb
  443B7C GETAUTHORIZEDINFO@F11WBHTTPCLASSRsbRsb
  443D08 FINISHPAGE@F11WBHTTPCLASS
  443D5C GETBROWSERPROPERTY@F11WBHTTPCLASSsb
  443D9C SETARGUMENTS@F11WBHTTPCLASSsb
  443EC4 CREATEARGUMENTITERATOR@F11WBHTTPCLASS
  444038 GETARGUMENTS@F11WBHTTPCLASS
  444070 PROCESSHEADER@F11WBHTTPCLASSsb
  4441B0 PREPAREPAGE@F11WBHTTPCLASS19WBHTTPPAGEBASECLASSlOsb
  444278 SETSERVERPROPERTY@F11WBHTTPCLASSsbsbll
  4442D8 SETBROWSERPROPERTY@F11WBHTTPCLASSsbsb
  44433C PROCESSINFOLINE@F11WBHTTPCLASSsb
  44483C CLEARUP@F11WBHTTPCLASS
  44486C KILL@F11WBHTTPCLASS
  4448B4 INIT@F11WBHTTPCLASS12WBFILESCLASS
  4448E8 FINISHPAGE@F22WBHTTPPAGEBROWSERCLASS
  444910 HANDLESTATUSCODE@F22WBHTTPPAGEBROWSERCLASS
  4449EC PREPAREPAGEBODY@F22WBHTTPPAGEBROWSERCLASS
  444BC0 FINISHPAGE@F19WBHTTPPAGEBASECLASS
  444D68 PREPAREPAGE@F19WBHTTPPAGEBASECLASS
  444EA8 APPENDDEFAULTBODY@F19WBHTTPPAGEBASECLASS
  444F50 PREPAREPAGEBODY@F19WBHTTPPAGEBASECLASS
  444F54 HANDLESTATUSCODE@F19WBHTTPPAGEBASECLASS
  444F64 WRITEPAGEBODY@F19WBHTTPPAGEBASECLASS
  44500C SETUPHTTPSTATUS@F19WBHTTPPAGEBASECLASSl
  445370 APPENDFILETO@F19WBHTTPPAGEBASECLASSsbsbUc
  4454F4 KILL@F19WBHTTPPAGEBASECLASS
  445510 INIT@F19WBHTTPPAGEBASECLASS15WBHTTPBASECLASSlsbsb
  4455E0 WRITEEVALUATE@F15JSLMANAGERCLASSlsb
  445650 SETVALUE@F15JSLMANAGERCLASSlu
  4456B8 SETLISTCHOICE@F15JSLMANAGERCLASSll
  445704 SETATTRIBUTE@F15JSLMANAGERCLASSUcsb
  445790 SETATTRIBUTE@F15JSLMANAGERCLASSUc
  4457D8 SELECTCONTROL@F15JSLMANAGERCLASSl
  4457F0 OPENCHANNEL@F15JSLMANAGERCLASSl12WBFILESCLASS
  445848 KILL@F15JSLMANAGERCLASS
  445860 INIT@F15JSLMANAGERCLASS20WBCLIENTMANAGERCLASS
  445888 CLOSECHANNEL@F15JSLMANAGERCLASS
  4458E0 BEGINUPDATE@F15JSLMANAGERCLASSl
  445E84 WEBFILEPREVIEW@FsbsbsbUcsb
  445F2C WEBFILEPREVIEW@F13WBSERVERCLASSsbsbsbUcsb
  44610C _12WbServerClass__Get@F
  446114 TAKEPAGESENT@F13WBSERVERCLASS
  446124 WebServer$TakeRequest
  4461F8 TAKEREGISTEREDEVENT@F13WBSERVERCLASS
  446384 TAKEEVENT@F13WBSERVERCLASS
  446398 SETNEXTACTION@F13WBSERVERCLASS11ISUBMITITEM
  446424 SETSENDWHOLEPAGE@F13WBSERVERCLASSUc
  446434 SETDIALOGWINDOWBACKGROUND@F13WBSERVERCLASSlOsb
  446478 SETDIALOGPAGEBACKGROUND@F13WBSERVERCLASSlOsb
  4464B4 GETCHARSET@F13WBSERVERCLASS
  4464C4 SETCHARSET@F13WBSERVERCLASSsb
  446550 QUIT@F13WBSERVERCLASS
  446574 PROCESSREQUEST@F13WBSERVERCLASS
  4465DC KILL@F13WBSERVERCLASS
  4466C8 INIT@F13WBSERVERCLASS13WBBROKERCLASS15WBSHUTDOWNCLASSOsblOsb12WBFILESCLASSl
  44684C HALT@F13WBSERVERCLASS
  446864 GETSENDWHOLEPAGE@F13WBSERVERCLASS
  44686C GETREQUESTEDWHOLEPAGE@F13WBSERVERCLASS
  446874 GETREADYFORPAGE@F13WBSERVERCLASS
  4468F8 ISENABLED@F13WBSERVERCLASS
  446914 CONNECT@F13WBSERVERCLASS
  446928 CLOSE@F15WBSHUTDOWNCLASS
  44692C RESET_@_ISUBMITITEM_@_WBSUBMITITEMCLASS@F11ISUBMITITEMsbsb
  446988 RESET@F17WBSUBMITITEMCLASSsbsb
  446A14 DESTRUCT@F17WBSUBMITITEMCLASS
  446A38 IC:GETCONTROLTYPE@Fl
  446AF4 IC:FEQ2ID@Fll
  446B04 DECODECHAR@Fsb
  446B84 OUTPUT64CHUNK@Fllll
  446C60 GETSTARTBASE@Fsb
  446CEC GETHEXVALUE@FUc
  446D20 IC:TRANSLATEFILENAME@Fsb
  446D88 IC:REMOVEFILE@Fsb
  446DE4 IC:ISABSOLUTEURL@Fsb
  446F18 IC:HTML2CLARION@Fsb
  447028 IC:HEX@FUll
  447130 IC:GETSTRDATETIME@Fll
  4472FC IC:GETCOMMANDLINEOPTION@Fsb
  447414 IC:GETBASENAME@Fsb
  447484 IC:DECODEBASE64@Fsb
  447670 IC:ENCODEBASE64@Fsb
  447824 WRITELN@F17WBTEXTOUTPUTCLASSOsb
  4478C0 WRITE@F17WBTEXTOUTPUTCLASSsb
  4479D8 GETSIZE@F17WBTEXTOUTPUTCLASSsb
  447A64 CREATEOPEN@F17WBTEXTOUTPUTCLASSsb
  447ACC OPEN@F17WBTEXTOUTPUTCLASSsb
  447B24 CLOSE@F17WBTEXTOUTPUTCLASS
  447B80 _BrNewPage
  447C48 _BrTerminated
  447CC4 _BrReady
  447D40 _NewPage
  447DF4 _Terminated
  447E5C _Ready
  447EC4 wsose_SetUp
  448008 wsose_Request
  4480C8 wsose_Terminate
  449000 $DEFAULTERRORS
  44A38C TYPE$BROWSECLASS
  44A774 TYPE$BROWSEEIPMANAGER
  44AA48 VMT$BROWSEEIPMANAGER
  44AAF0 VMT$BROWSECLASS
  44ACC4 TYPE$STANDARDBEHAVIOR
  44AD00 VMT$STANDARDBEHAVIOR
  44AD50 TYPE$STEPLOCATORCLASS
  44ADA0 VMT$STEPLOCATORCLASS
  44AE00 TYPE$COLORMAP
  44AE2C TCB$COLORMAP
  44AE3C TYPE$EDITENTRYCLASS
  44AE84 VMT$EDITENTRYCLASS
  44B030 STDERRORFILE$TYPE$RECORD
  44B048 $STDERRORFILE
  44B0C4 TYPE$PNQ
  44B0E4 TYPE$DEFAULTERRORS
  44B364 TYPE$HISTHANDLERCLASS
  44B3AC VMT$HISTHANDLERCLASS
  44B3DC TYPE$MSGBOXCLASS
  44B654 VMT$MSGBOXCLASS
  44B6E0 TYPE$ERRORCLASS
  44B94C VMT$ERRORCLASS
  44B99C TYPE$STANDARDERRORLOGCLASS
  44B9D4 VMT$STANDARDERRORLOGCLASS
  44B9EC TYPE$ERRORSTATUSCLASS
  44BAF4 VMT$ERRORSTATUSCLASS
  44BBC4 TYPE$UNTHREADEDFILEOPENERMAP
  44BBE8 TCB$UNTHREADEDFILEOPENERMAP
  44BBF8 TYPE$FILESMANAGER
  44BC3C VMT$FILESMANAGER
  44BC48 TYPE$FILEMAPPING_T
  44BC74 TYPE$FILEMAPPING_R
  44BCA4 TYPE$STATUSQ_T
  44BD0C TYPE$UNTHREADEDFILEOPENSERVER
  44BD68 VMT$UNTHREADEDFILEOPENSERVER
  44BD8C TYPE$THREADEDFILEOPENSERVER
  44BDCC VMT$THREADEDFILEOPENSERVER
  44BFD4 TYPE$FUZZYCLASS
  44C07C VMT$FUZZYCLASS
  44C818 TYPE$PROPERTYQUEUE
  44C844 TYPE$WBWINDOWHTMLPROPERTIES
  44C9D4 VMT$WBWINDOWHTMLPROPERTIES
  44CAA4 TYPE$WBPROPERTYTRACKER
  44CB08 VMT$WBPROPERTYTRACKER
  44CB18 TYPE$WBCONTROLHTMLPROPERTIES
  44CC64 VMT$WBCONTROLHTMLPROPERTIES
  44CD78 TYPE$WBCOREHTMLPROPERTIES
  44CDE8 VMT$WBCOREHTMLPROPERTIES
  44CEC4 TYPE$WBPROPERTIESCLASS
  44CEEC VMT$WBPROPERTIESCLASS
  44CF48 TYPE$WBBROWSERPROPERTIESCLASS
  44CF78 VMT$WBBROWSERPROPERTIESCLASS
  44D224 TYPE$EVENTMAPPER
  44D23C VMT$EVENTMAPPER
  44D248 TYPE$EVENTEL
  44D270 VMT$EVENTEL
  44D280 TYPE$WBWINDOWCLASS
  44D36C VMT$WBWINDOWCLASS
  44D3E4 TYPE$POSITIONQUEUE
  44D414 TYPE$CONTROLMAPQUEUE
  44D460 TYPE$WBWINDOWBASECLASS
  44D4F0 VMT$WBWINDOWBASECLASS
  44D578 TYPE$WBSPECIALSUBMITITEMCLASS
  44D5A8 VMT$WBSPECIALSUBMITITEMCLASS
  44D5BC TYPE$WBWINDOWMANAGERCLASS
  44D6AC VMT$WBWINDOWMANAGERCLASS
  44D728 TYPE$POPUPITEMQUEUE
  44D798 TYPE$POPUPCLASS
  44D844 VMT$POPUPCLASS
  44D91C TYPE$FIELDQUEUE
  44D9CC TYPE$WINDOWRESIZECLASS
  44DC0C TYPE$TOOLBARTARGETQUEUE
  44DC28 $UPDATECHANGETIPS
  44DD34 $UPDATEINSERTTIPS
  44DD74 $LISTBOXTIPS
  44DE30 TYPE$TOOLBARCLASS
  44DE48 VMT$TOOLBARCLASS
  44DE60 TYPE$TOOLBARUPDATECLASS
  44DEE8 VMT$TOOLBARUPDATECLASS
  44DF04 TYPE$TOOLBARLISTBOXCLASS
  44DF80 VMT$TOOLBARLISTBOXCLASS
  44E024 TYPE$CONSTDESCRIPTORLIST
  44E04C TYPE$CONSTANTCLASS
  44E0EC VMT$CONSTANTCLASS
  44E0F8 TYPE$INICLASS
  44E140 VMT$INICLASS
  44E1CC TYPE$BUFFEREDPAIRSCLASS
  44E1F0 VMT$BUFFEREDPAIRSCLASS
  44E228 TYPE$FIELDPAIRSCLASS
  44E240 VMT$FIELDPAIRSCLASS
  44E270 TYPE$FILELIST
  44E294 TYPE$HISTORYLIST
  44E2CC TYPE$BUTTONLIST
  44E2F0 TYPE$COMPONENTLIST
  44E334 TYPE$QUEUELISTHEADERTYPE
  44E360 TYPE$QUEUELISTSORTTYPE
  44E394 TYPE$CRITICALSECTION
  44E3AC VMT$CRITICALSECTION
  44E3B8 TYPE$CRITICALPROCEDURE
  44E3D0 VMT$CRITICALPROCEDURE
  465F70 TYPE$HIDE:RELATE:ULAZ
  466014 VMT$HIDE:RELATE:ULAZ
  466050 TYPE$HIDE:ACCESS:ULAZ
  466260 VMT$HIDE:ACCESS:ULAZ
  466350 TYPE$HIDE:RELATE:PI_POMOCNA
  4663F4 VMT$HIDE:RELATE:PI_POMOCNA
  466430 TYPE$HIDE:ACCESS:PI_POMOCNA
  466640 VMT$HIDE:ACCESS:PI_POMOCNA
  466730 TYPE$HIDE:RELATE:PRIPADA
  4667D4 VMT$HIDE:RELATE:PRIPADA
  466810 TYPE$HIDE:ACCESS:PRIPADA
  466A20 VMT$HIDE:ACCESS:PRIPADA
  466B10 TYPE$HIDE:RELATE:PRODAJE
  466BB4 VMT$HIDE:RELATE:PRODAJE
  466BF0 TYPE$HIDE:ACCESS:PRODAJE
  466E00 VMT$HIDE:ACCESS:PRODAJE
  466EF0 TYPE$HIDE:RELATE:NARUCUJE
  466F94 VMT$HIDE:RELATE:NARUCUJE
  466FD0 TYPE$HIDE:ACCESS:NARUCUJE
  4671E0 VMT$HIDE:ACCESS:NARUCUJE
  4672D0 TYPE$HIDE:RELATE:ZANR
  467374 VMT$HIDE:RELATE:ZANR
  4673B0 TYPE$HIDE:ACCESS:ZANR
  4675C0 VMT$HIDE:ACCESS:ZANR
  4676B0 TYPE$HIDE:RELATE:KUPAC
  467754 VMT$HIDE:RELATE:KUPAC
  467790 TYPE$HIDE:ACCESS:KUPAC
  4679A0 VMT$HIDE:ACCESS:KUPAC
  467A90 TYPE$HIDE:RELATE:PRODAVAC
  467B34 VMT$HIDE:RELATE:PRODAVAC
  467B70 TYPE$HIDE:ACCESS:PRODAVAC
  467D80 VMT$HIDE:ACCESS:PRODAVAC
  467E70 TYPE$HIDE:RELATE:RANG
  467F14 VMT$HIDE:RELATE:RANG
  467F50 TYPE$HIDE:ACCESS:RANG
  468160 VMT$HIDE:ACCESS:RANG
  468250 TYPE$HIDE:RELATE:KNJIGA
  4682F4 VMT$HIDE:RELATE:KNJIGA
  468330 TYPE$HIDE:ACCESS:KNJIGA
  468540 VMT$HIDE:ACCESS:KNJIGA
  468A1C TYPE$SHUTDOWNMANAGER
  468A2C VMT$SHUTDOWNMANAGER
  468A3C TYPE$DICTIONARY
  468A4C VMT$DICTIONARY
  468A58 ULAZ$TYPE$ULZ:RECORD
  468A9C PI_POMOCNA$TYPE$POM:RECORD
  468B44 PRIPADA$TYPE$PRI:RECORD
  468B84 PRODAJE$TYPE$PRD:RECORD
  468C0C NARUCUJE$TYPE$NAR:RECORD
  468C50 ZANR$TYPE$ZAN:RECORD
  468C8C KUPAC$TYPE$KUP:RECORD
  468CFC PRODAVAC$TYPE$PRO:RECORD
  468D98 RANG$TYPE$RAN:RECORD
  468DF8 KNJIGA$TYPE$KNJ:RECORD
  468F34 _StandAloneBroker
  468F38 _old_broker
  468F3C _SystemTerminating
  468F40 _rpc_sem
  468F44 _rpc_sem2
  468F48 _pszBrStringBinding
  468F4C _pszBrOptions
  468F50 _pszBrUuid
  468FE4 TYPE$WBBROKERCLASS
  469024 VMT$WBBROKERCLASS
  469048 TYPE$WBCLIENTMANAGERCLASS
  469088 VMT$WBCLIENTMANAGERCLASS
  4690A8 TYPE$WBBROWSERMANAGERCLASS
  4690F4 VMT$WBBROWSERMANAGERCLASS
  4691B8 TYPE$WBFILESCLASS
  4692BC VMT$WBFILESCLASS
  4692CC TYPE$WBTABLEPROPERTIES
  46930C VMT$WBTABLEPROPERTIES
  46932C TYPE$WBFILEPROPERTIES
  469478 VMT$WBFILEPROPERTIES
  469544 TYPE$WBFRAMECLASS
  4695A0 VMT$WBFRAMECLASS
  46A8AC TYPE$WBHTMLCLASS
  46A988 VMT$WBHTMLCLASS
  46B3BC BUFFFILEIN$TYPE$BIN:RECORD
  46B3DC BUFFFILEOUT$TYPE$BOUT:RECORD
  46B458 TYPE$WBMULTIPARTITERATOR
  46B520 VMT$WBMULTIPARTITERATOR
  46B560 TYPE$WBURLENCODINGITERATOR
  46B5C8 VMT$WBURLENCODINGITERATOR
  46B608 TYPE$WBARGUMENTITERATOR
  46B664 VMT$WBARGUMENTITERATOR
  46B6A4 TYPE$WBHTTPCLASS
  46B750 VMT$WBHTTPCLASS
  46B778 TYPE$WBHTTPPAGEBROWSERCLASS
  46B804 VMT$WBHTTPPAGEBROWSERCLASS
  46B828 TYPE$WBHTTPPAGEJSCLASS
  46B8B4 VMT$WBHTTPPAGEJSCLASS
  46B988 TYPE$JSLMANAGERCLASS
  46B9D4 VMT$JSLMANAGERCLASS
  46C218 TYPE$WBSERVERCLASS
  46C3A4 VMT$WBSERVERCLASS
  46C400 $BASIS_64
  46C440 $MONTHMAP
  46C464 $DAYMAP
  46C480 TARGETFILE$TYPE$TGT:RECORD
  46C4A0 TYPE$WBTEXTOUTPUTCLASS
  46C4B0 VMT$WBTEXTOUTPUTCLASS
  46C648 _wsose_DispatchTable
  46C6E8 _wsose_ServerIfHandle
  46C6EC @VMT@MapItem
  46C6FC @VMT@Mapping
  46C710 @VMT@SimpleReplace
  46C724 @VMT@CompoundReplace
  46CC7C VMTP$SHUTDOWNMANAGER
  46CC84 VMTP$DICTIONARY
  46D19C VMTP$HIDE:RELATE:ULAZ
  46D1A4 VMTP$HIDE:ACCESS:ULAZ
  46D1AC VMTP$HIDE:RELATE:PI_POMOCNA
  46D1B4 VMTP$HIDE:ACCESS:PI_POMOCNA
  46D1BC VMTP$HIDE:RELATE:PRIPADA
  46D1C4 VMTP$HIDE:ACCESS:PRIPADA
  46D1CC VMTP$HIDE:RELATE:PRODAJE
  46D1D4 VMTP$HIDE:ACCESS:PRODAJE
  46D1DC VMTP$HIDE:RELATE:NARUCUJE
  46D1E4 VMTP$HIDE:ACCESS:NARUCUJE
  46D1EC VMTP$HIDE:RELATE:ZANR
  46D1F4 VMTP$HIDE:ACCESS:ZANR
  46D1FC VMTP$HIDE:RELATE:KUPAC
  46D204 VMTP$HIDE:ACCESS:KUPAC
  46D20C VMTP$HIDE:RELATE:PRODAVAC
  46D214 VMTP$HIDE:ACCESS:PRODAVAC
  46D21C VMTP$HIDE:RELATE:RANG
  46D224 VMTP$HIDE:ACCESS:RANG
  46D22C VMTP$HIDE:RELATE:KNJIGA
  46D234 VMTP$HIDE:ACCESS:KNJIGA
  46D23C @VMTP@MapItem
  46D244 @VMTP@Mapping
  46D24C @VMTP@SimpleReplace
  46D254 @VMTP@CompoundReplace
  46D25C VMTP$FILESMANAGER
  46D264 VMTP$UNTHREADEDFILEOPENSERVER
  46D26C VMTP$THREADEDFILEOPENSERVER
  46D274 VMTP$CONSTANTCLASS
  46D27C VMTP$INICLASS
  46D284 VMTP$BUFFEREDPAIRSCLASS
  46D28C VMTP$FIELDPAIRSCLASS
  46D294 VMTP$POPUPCLASS
  46D29C VMTP$TOOLBARCLASS
  46D2A4 VMTP$TOOLBARUPDATECLASS
  46D2AC VMTP$TOOLBARLISTBOXCLASS
  46D2B4 VMTP$EDITENTRYCLASS
  46D2BC VMTP$BROWSEEIPMANAGER
  46D2C4 VMTP$BROWSECLASS
  46D2CC VMTP$STANDARDBEHAVIOR
  46D2D4 VMTP$STEPLOCATORCLASS
  46D2DC VMTP$HISTHANDLERCLASS
  46D2E4 VMTP$MSGBOXCLASS
  46D2EC VMTP$ERRORCLASS
  46D2F4 VMTP$STANDARDERRORLOGCLASS
  46D2FC VMTP$ERRORSTATUSCLASS
  46D304 VMTP$WBFILESCLASS
  46D30C VMTP$WBTEXTOUTPUTCLASS
  46D314 VMTP$WBCLIENTMANAGERCLASS
  46D31C VMTP$WBBROWSERMANAGERCLASS
  46D324 VMTP$JSLMANAGERCLASS
  46D32C VMTP$WBCOREHTMLPROPERTIES
  46D334 VMTP$WBPROPERTIESCLASS
  46D33C VMTP$WBBROWSERPROPERTIESCLASS
  46D344 VMTP$WBWINDOWHTMLPROPERTIES
  46D34C VMTP$WBPROPERTYTRACKER
  46D354 VMTP$WBCONTROLHTMLPROPERTIES
  46D35C VMTP$WBTABLEPROPERTIES
  46D364 VMTP$WBFILEPROPERTIES
  46D36C VMTP$WBMULTIPARTITERATOR
  46D374 VMTP$WBURLENCODINGITERATOR
  46D37C VMTP$WBARGUMENTITERATOR
  46D384 VMTP$WBHTTPCLASS
  46D38C VMTP$WBHTTPPAGEBROWSERCLASS
  46D394 VMTP$WBHTTPPAGEJSCLASS
  46D39C VMTP$WBBROKERCLASS
  46D3A4 VMTP$WBSERVERCLASS
  46D3AC VMTP$WBFRAMECLASS
  46D3B4 VMTP$FUZZYCLASS
  46D3BC VMTP$WBHTMLCLASS
  46D3C4 VMTP$WBWINDOWBASECLASS
  46D3CC VMTP$EVENTMAPPER
  46D3D4 VMTP$EVENTEL
  46D3DC VMTP$WBWINDOWCLASS
  46D3E4 VMTP$WBSPECIALSUBMITITEMCLASS
  46D3EC VMTP$WBWINDOWMANAGERCLASS
  46D3F4 VMTP$CRITICALSECTION
  46D3FC VMTP$CRITICALPROCEDURE
  46D440 $FUZZYMATCHER
  46EA64 $WEBFILESMANAGER
  46FEB0 $WEBSERVER
  470300 $COLORMAP
  470338 $MULTIWINDOW
  47033C $TXTWINDOW
  470340 $WINDOW
  470344 STDERRORFILE$RECORD
  470744 $UNTHREADEDFILEOPENERMAP
  47074C $CREATEOPENERCRIT
  470758 $A:PROCID
  47075C $A:PROCIDKILL
  470760 $A:ACCESSKEY
  470764 $A:CELLNUMBER
  470768 $A:CELLCHOICE
  47076C $A:CELLIMAGE
  470770 $A:CELLALIGN
  470774 $A:CELLBACKCOLOR
  470778 $A:CELLFORECOLOR
  47077C $A:CELLTEXT
  470780 $A:CELLTIP
  470784 $A:CELLHASIMAGE
  470788 $A:CELLIMAGENAME
  47078C $A:CHOICE
  470790 $A:COLOR
  470794 $A:COLORNEEDED
  470798 $A:COLUMNHEADER
  47079C $A:COLUMNWIDTH
  4707A0 $A:USECOLUMNWIDTH
  4707A4 $A:COLUMNHIDDEN
  4707A8 $A:CONTENTS
  4707AC $A:CHARSET
  4707B0 $A:DISABLE
  4707B4 $A:DISABLED
  4707B8 $A:DOVALIDATE
  4707BC $A:DISPLAYTEXT
  4707C0 $A:TEXTALIGN
  4707C4 $A:TEXTLENGTH
  4707C8 $A:TEXTCASE
  4707CC $A:INPUTTYPE
  4707D0 $A:VALIDATIONPATTERN
  4707D4 $A:EMBEDAFTERCONTROL
  4707D8 $A:EMBEDAFTERWINDOW
  4707DC $A:EMBEDBEFORECONTROL
  4707E0 $A:EMBEDBEFOREWINDOW
  4707E4 $A:EMBEDMETATAGS
  4707E8 $A:EMBEDBEFOREASSETS
  4707EC $A:EMBEDCSSASSETS
  4707F0 $A:EMBEDJSASSETS
  4707F4 $A:EMBEDBEFOREHEADCLOSE
  4707F8 $A:EMBEDBEFOREBODYOPEN
  4707FC $A:EMBEDTOPOFFORM
  470800 $A:EMBEDBOTTOMOFFORM
  470804 $A:EMBEDBEFOREHTMLCLOSE
  470808 $A:EMBEDJAVASCRIPTONTOP
  47080C $A:EMBEDJAVASCRIPTONBOTTOM
  470810 $A:EMBEDATWINDOWTOP
  470814 $A:EMBEDATWINDOWBOTTOM
  470818 $A:EMBEDBEFORENAVBARHEADER
  47081C $A:EMBEDBEFORENAVBARTITLE
  470820 $A:EMBEDINSIDECOLLAPSENAVBARTOP
  470824 $A:EMBEDINSIDECOLLAPSENAVBARBOTTOM
  470828 $A:FONTCOLOR
  47082C $A:FONTFACE
  470830 $A:FONTNAME
  470834 $A:FONTNEEDED
  470838 $A:FONTSIZE
  47083C $A:FORMENCODING
  470840 $A:FORMMETHOD
  470844 $A:FROMCELL
  470848 $A:FROMCOLUMNS
  47084C $A:FROMROWS
  470850 $A:HEIGHT
  470854 $A:HIDE
  470858 $A:HIDDEN
  47085C $A:CTRLHREF
  470860 $A:ICON
  470864 $A:IMAGE
  470868 $A:ISDROP
  47086C $A:NAME
  470870 $A:NAVIGATIONCONTROLS
  470874 $A:PROGRAMREFERENCE
  470878 $A:WEBPROGRAMREFERENCE
  47087C $A:PROGRAMNAME
  470880 $A:WEBPROGRAMNAME
  470884 $A:PUBLIC
  470888 $A:PARENTNAME
  47088C $A:SELECTONFOCUS
  470890 $A:SEPARATOR
  470894 $A:SUBMITONCHANGE
  470898 $A:SUBMITONCANCEL
  47089C $A:TIMEOUT
  4708A0 $A:TITLE
  4708A4 $A:TYPE
  4708A8 $A:WIDTH
  4708AC $A:PIXELHEIGHT
  4708B0 $A:PIXELWIDTH
  4708B8 $A:WIZARD
  4708BC $A:XPOS
  4708C4 $A:YPOS
  4708CC $A:INROOTMENU
  4708D0 $A:ISINTOOLBAR
  4708D4 $A:INFRAME
  4708D8 $A:PROMPTFOR
  4708DC $A:NAMEOFPROMPT
  4708E0 $A:CREATEFORMGROUP
  4708E4 $A:BTNSTYLE
  4708E8 $A:BTNTEXT
  4708EC $A:SELROWSTYLE
  4708F0 $A:ALTTEXT
  4708F4 $A:STRIPED
  4708F8 $A:RESPONSIVE
  4708FC $A:BORDERED
  470900 $A:WRAPTEXT
  470904 $A:IMGCLASS
  470908 $A:USEBTNGRP
  47090C $A:VBTNGRP
  470910 $A:TBLLAYOUT
  470914 $A:SPECIFICZONES
  470918 $A:EXTRASTYLE
  47091C $A:EXTRACLASS
  470920 $A:EXTRACLASSGROUP
  470924 $A:HASMENUBAR
  470928 $A:HASGLYPHICON
  47092C $A:HASINLINEBUTTONS
  470930 $A:ISDATELOOKUP
  470934 $A:INLINELOOKUP
  470938 $A:INLINEFIXED
  47093C $A:INLINEINSERT
  470940 $A:INLINECHANGE
  470944 $A:INLINEDELETE
  470948 $A:INLINEVIEW
  47094C $A:INLINESELECT
  470950 $A:INLINELOOKUPSECOND
  470954 $A:ALTTEXTSECOND
  470958 $A:ICONWIDTH
  47095C $A:HYPERSELECT
  470960 $A:UPLOADMFTEXT
  470964 $A:UPLOADACCEPT
  470968 $A:UPLOADERROR
  47096C $A:UPLOADBTN
  470970 $A:UPLOADMULTI
  470974 $A:HASEIP
  470978 $A:COLHASEIP
  47097C $A:FORWARDCTRL
  470980 $GLOBALKILLPROCID
  4709A4 $DEFAULTTHEME
  470AA4 $A:CHILDINDEX
  470AA8 $A:CHILDREN
  470AAC $A:CONTAINER
  470AB0 $A:WINDOW
  470AB4 $A:XPOSITION
  470AB8 $A:YPOSITION
  470ACC $A:IE
  470AD0 $A:NETSCAPE
  470AD4 $A:MOZILLAVERSION
  470AD8 $A:VERSION
  470ADC $EVENTMAPPER
  470AE4 $EVENTEL
  470AF4 $WBSPECIALSUBMITITEMCLASS
  470B00 $WBWINDOWMANAGERCLASS_UNAUTHORIZE
  470B04 $WBWINDOWMANAGERCLASS_GOINGHOME
  470C0C $WBBROWSERPROPERTIES
  470C1C $BROKER
  470C34 $HTMLMANAGER
  470E70 $SHUTDOWNMANAGER
  470E74 $WEBFILEACCESS
  470EC0 $WEBTABLEPROPERTIES:KNJIGA
  470EDC $WEBTABLEPROPERTIES:RANG
  470EF8 $WEBTABLEPROPERTIES:PRODAVAC
  470F14 $WEBTABLEPROPERTIES:KUPAC
  470F30 $WEBTABLEPROPERTIES:ZANR
  470F4C $WEBTABLEPROPERTIES:NARUCUJE
  470F68 $WEBTABLEPROPERTIES:PRODAJE
  470F84 $WEBTABLEPROPERTIES:PRIPADA
  470FA0 $WEBTABLEPROPERTIES:PI_POMOCNA
  470FBC $WEBTABLEPROPERTIES:ULAZ
  470FD8 $GLOBALERRORS
  47100C $INIMGR
  471124 MEMOS$KNJIGA
  471128 $GLO:LOGGEDIN
  47112C _Mappings
  471148 _html
  471178 _CurBroker
  471188 _Connection
  4711A0 _DoStopBroker
  4711A8 _DoBrokerCommandLine
  4711B4 _pszBrNetworkAddress
  4711D0 $IE30
  4711D8 $IE40
  4711E0 $NETSCAPE3X
  4711E8 $MOZILLA4
  4711F0 $MOZILLA5
  4711F8 $UNKNOWNBROWSER
  471200 $GLOBALFILES
  471204 $WEBTPINDEX
  471208 $DUMMYFRAME
  471220 $WEBACTIVEFRAME
  471228 $BUFFFILENAMEIN
  471328 MEMOS$BUFFFILEIN
  471428 MEMOS$BUFFFILEOUT
  471430 $GLOBALSERVER
  471434 $TARGETFILENAME
  471538 _h_wsobri
  47153C _h_wsobr
  472008 ULAZ$ULZ:KEY_ID
  47202C ULAZ$ULZ:KEY_KORISNICKO
  472050 KEYS$ULAZ
  472058 $ULAZ
  4720AC $PI_POMOCNA
  472100 PRIPADA$PRI:PK_PRIPADA_ID_KNJIGE_ID_ZANRA
  472124 PRIPADA$PRI:RK_PRIPADA_ID_ZANRA_ID_KNJIGE
  472148 KEYS$PRIPADA
  472150 $PRIPADA
  4721A4 PRODAJE$PRD:PK_PRODAJE_ID_PRODAVACA_ID_KUPCA_BROJ_RACUNA
  4721C8 PRODAJE$PRD:RK_PRODAJE_ID_KUPCA_ID_PRODAVACA_BROJ_RACUNA
  4721EC PRODAJE$PRD:SK_PRODAJE_DATUM_PRODAJE
  472210 PRODAJE$PRD:SK_PRODAJE_NACIN_PLACANJA
  472234 KEYS$PRODAJE
  472244 $PRODAJE
  472298 NARUCUJE$NAR:PK_NARUCUJE_ID_KNJIGE_ID_PRODAVACA
  4722BC NARUCUJE$NAR:RK_NARUCUJE_ID_PRODAVACA_ID_KNJIGE
  4722E0 KEYS$NARUCUJE
  4722E8 $NARUCUJE
  47233C ZANR$ZAN:PK_ZANR_ID_ZANRA
  472360 ZANR$ZAN:SK_ZANR_NAZIV_ZANRA
  472384 KEYS$ZANR
  47238C $ZANR
  4723E0 KUPAC$KUP:PK_KUPAC_ID_KUPCA
  472404 KUPAC$KUP:SK_KUPAC_IME_KUPCA
  472428 KUPAC$KUP:SK_KUPAC_PREZIME_KUPCA
  47244C KUPAC$KUP:SK_KUPAC_OSTVAREN_POPUST
  472470 KEYS$KUPAC
  472480 $KUPAC
  4724D4 PRODAVAC$PRO:PK_PRODAVAC_ID_PRODAVACA
  4724F8 PRODAVAC$PRO:VK_PRODAVACRANG_RANG
  47251C PRODAVAC$PRO:SK_PRODAVAC_IME_PRODAVACA
  472540 PRODAVAC$PRO:SK_PRODAVAC_PREZIME_PRODAVACA
  472564 PRODAVAC$PRO:SK_PRODAVAC_BROJ_TELEFONA
  472588 PRODAVAC$PRO:SK_PRODAVAC_EMAIL
  4725AC KEYS$PRODAVAC
  4725C4 $PRODAVAC
  472618 RANG$RAN:PK_RANG_ID_RANGA
  47263C RANG$RAN:SK_RANG_NAZIV_RANGA
  472660 RANG$RAN:SK_RANG_POPUST
  472684 KEYS$RANG
  472690 $RANG
  4726E4 KNJIGA$KNJ:SK_KNJIGA_AUTOR_KNJIGE
  472708 KNJIGA$KNJ:PK_KNJIGA_ID_KNJIGE
  47272C KNJIGA$KNJ:SK_KNJIGA_NAZIV_KNJIGE
  472750 KNJIGA$KNJ:SK_KNJIGA_CIJENA_KNJIGE
  472774 KNJIGA$KNJ:SK_KNJIGA_IZDAVAC_KNJIGE
  472798 KEYS$KNJIGA
  4727AC $KNJIGA
  4729F0 $EPOC
  472A48 $TARGETFILE
  472A9C $BUFFFILEIN
  472AF0 $BUFFFILEOUT
  472B50 $GLOBALERRORSTATUS
  473F74 $GLOBALREQUEST
  473F78 $GLOBALRESPONSE
  473F7C $VCRREQUEST
  473F80 $DICTIONARY
  473F84 ULAZ$ULZ:RECORD
  473FB0 PI_POMOCNA$POM:RECORD
  4749A8 PRIPADA$PRI:RECORD
  4749D0 PRODAJE$PRD:RECORD
  474A40 NARUCUJE$NAR:RECORD
  474A68 ZANR$ZAN:RECORD
  474AA4 KUPAC$KUP:RECORD
  474B24 PRODAVAC$PRO:RECORD
  474BF4 RANG$RAN:RECORD
  474D4C KNJIGA$KNJ:RECORD
  474EF0 $RELATE:ULAZ
  474EF4 $ACCESS:ULAZ
  474EF8 $RELATE:PI_POMOCNA
  474EFC $ACCESS:PI_POMOCNA
  474F00 $RELATE:PRIPADA
  474F04 $ACCESS:PRIPADA
  474F08 $RELATE:PRODAJE
  474F0C $ACCESS:PRODAJE
  474F10 $RELATE:NARUCUJE
  474F14 $ACCESS:NARUCUJE
  474F18 $RELATE:ZANR
  474F1C $ACCESS:ZANR
  474F20 $RELATE:KUPAC
  474F24 $ACCESS:KUPAC
  474F28 $RELATE:PRODAVAC
  474F2C $ACCESS:PRODAVAC
  474F30 $RELATE:RANG
  474F34 $ACCESS:RANG
  474F38 $RELATE:KNJIGA
  474F3C $ACCESS:KNJIGA
  47551C KATALOGKNJIGE_BC0$_HIDE:RELATE:ULAZ
  475520 KATALOGKNJIGE_BC0$_HIDE:ACCESS:ULAZ
  475524 KATALOGKNJIGE_BC0$_HIDE:RELATE:PI_POMOCNA
  475528 KATALOGKNJIGE_BC0$_HIDE:ACCESS:PI_POMOCNA
  47552C KATALOGKNJIGE_BC0$_HIDE:RELATE:PRIPADA
  475530 KATALOGKNJIGE_BC0$_HIDE:ACCESS:PRIPADA
  475534 KATALOGKNJIGE_BC0$_HIDE:RELATE:PRODAJE
  475538 KATALOGKNJIGE_BC0$_HIDE:ACCESS:PRODAJE
  47553C KATALOGKNJIGE_BC0$_HIDE:RELATE:NARUCUJE
  475540 KATALOGKNJIGE_BC0$_HIDE:ACCESS:NARUCUJE
  475544 KATALOGKNJIGE_BC0$_HIDE:RELATE:ZANR
  475548 KATALOGKNJIGE_BC0$_HIDE:ACCESS:ZANR
  47554C KATALOGKNJIGE_BC0$_HIDE:RELATE:KUPAC
  475550 KATALOGKNJIGE_BC0$_HIDE:ACCESS:KUPAC
  475554 KATALOGKNJIGE_BC0$_HIDE:RELATE:PRODAVAC
  475558 KATALOGKNJIGE_BC0$_HIDE:ACCESS:PRODAVAC
  47555C KATALOGKNJIGE_BC0$_HIDE:RELATE:RANG
  475560 KATALOGKNJIGE_BC0$_HIDE:ACCESS:RANG
  475564 KATALOGKNJIGE_BC0$_HIDE:RELATE:KNJIGA
  475568 KATALOGKNJIGE_BC0$_HIDE:ACCESS:KNJIGA
  47556C $FILESMANAGER
  475584 $SZDBTEXTLOG
  475E78 TARGETFILE$TGT:RECORD
  477DBC BUFFFILEIN$BIN:RECORD
  4781BC BUFFFILEOUT$BOUT:RECORD
  4785BC $CLS_COUNTER
  479000 __import_section_start
  47B93C __import_section_end

Imports
ClaAnyScreen:RisNet:GetPosition 4790F8,401000
ClaAnyScreen:RisNet:Halt 4790FC,401008
ClaAnyScreen:RisNet:Init 479100,401010
ClaAnyScreen:RisNet:KeyChar 479104,401018
ClaAnyScreen:RisNet:KeyCode 479108,401020
ClaAnyScreen:RisNet:KeyState 47910C,401028
ClaAnyScreen:RisNet:Kill 479110,401030
ClaAnyScreen:RisNet:PressKey 479114,401038
ClaAnyScreen:RisNet:Select 479118,401040
ClaAnyScreen:RisNet:START 47911C,401048
ClaAnyScreen:RisNet:START2 479120,401050
ClaASC.dll:ASCII 479130
ClaDOS.dll:DOS 479140
claibc.dll:CASTITEM@F9BASEARRAYL 479178
claibc.dll:CONSTRUCT@F11CINTERFACE2 47917C
claibc.dll:CONSTRUCT@F9BASEARRAY 479180
claibc.dll:DESTRUCT@F11CINTERFACE2 479184
claibc.dll:DOAPPEND@F5ARRAY11CInterface2 479188
claibc.dll:LINK@F11CINTERFACE2 47918C
claibc.dll:MakeStringVal2 479190,401058
claibc.dll:ORDINALITY@F9BASEARRAY 479194
claibc.dll:RELEASE@F11CINTERFACE2 479198
claibc.dll:TYPE$ARRAY 47919C
claibc.dll:VMT$ARRAY 4791A0
clalay.dll:AddSkeletonDirectory@Fsb 4791C8,401060
clalay.dll:CreateHtmlWriter 4791CC,401068
clalay.dll:CreatePageBuilder@F 4791D0,401070
clalay.dll:GetServerSkeletonsDirectory@F 4791D4,401078
clalay.dll:_11SymbolValue__RegisterGlobal@FPCcR11IProperties 4791D8,401080
clalay.dll:_13IValueFactory__Get@F 4791DC,401088
clalay.dll:_CreateListboxContents@Fi 4791E0,401090
ClaRUN.dll:AttachThreadToClarion 479640,401098
ClaRUN.dll:Cla$ACCEPTED 479644,4010A0
ClaRUN.dll:Cla$ADDqueue 479648
ClaRUN.dll:Cla$ADDqueuekey 47964C,4010A8
ClaRUN.dll:Cla$ADDqueueptr 479650
ClaRUN.dll:Cla$ADDqueueskey 479654
ClaRUN.dll:Cla$AddressUfo 479658
ClaRUN.dll:Cla$AssignLong2RefUfo 47965C
ClaRUN.dll:Cla$AssignReal2RefUfo 479660
ClaRUN.dll:Cla$AssignRefUfo 479664
ClaRUN.dll:Cla$BEEP 479668,4010B0
ClaRUN.dll:Cla$BindG 47966C
ClaRUN.dll:Cla$CHANGE 479670,4010B8
ClaRUN.dll:Cla$CHOICE 479674,4010C0
ClaRUN.dll:Cla$CLEAR 479678
ClaRUN.dll:Cla$CLEARqueue 47967C
ClaRUN.dll:Cla$clearstr 479680
ClaRUN.dll:Cla$ClearType 479684
ClaRUN.dll:Cla$ClearUfo 479688
ClaRUN.dll:Cla$CLOCK 47968C,4010C8
ClaRUN.dll:Cla$CloneUfo 479690
ClaRUN.dll:Cla$CLOSEwindow 479694,4010D0
ClaRUN.dll:Cla$code 479698
ClaRUN.dll:Cla$COMMIT 47969C,4010D8
ClaRUN.dll:Cla$comparestr 4796A0
ClaRUN.dll:Cla$CREATE 4796A4
ClaRUN.dll:Cla$DAY 4796A8,4010E0
ClaRUN.dll:Cla$DecAdd 4796AC
ClaRUN.dll:Cla$DecCompareN 4796B0
ClaRUN.dll:Cla$DecDistinct 4796B4
ClaRUN.dll:Cla$DecDistinctR 4796B8
ClaRUN.dll:Cla$DecDivide 4796BC
ClaRUN.dll:Cla$DecDivideR 4796C0
ClaRUN.dll:Cla$DecMul 4796C4
ClaRUN.dll:Cla$DecSub 4796C8
ClaRUN.dll:Cla$DecSubR 4796CC
ClaRUN.dll:Cla$DeepAssign 4796D0
ClaRUN.dll:Cla$DELETEqueue 4796D4,4010E8
ClaRUN.dll:Cla$DELETEREG 4796D8,4010F0
ClaRUN.dll:Cla$DESTROY 4796DC,4010F8
ClaRUN.dll:Cla$DISABLE 4796E0,401100
ClaRUN.dll:Cla$DISPLAY 4796E4,401108
ClaRUN.dll:Cla$DISPOSEqueue 4796E8
ClaRUN.dll:Cla$DISPOSEref 4796EC
ClaRUN.dll:Cla$DISPOSEvref 4796F0
ClaRUN.dll:Cla$Dlongpower 4796F4
ClaRUN.dll:Cla$DPopDec 4796F8
ClaRUN.dll:Cla$DPopLong 4796FC
ClaRUN.dll:Cla$DPopReal 479700
ClaRUN.dll:Cla$DPopUlong 479704
ClaRUN.dll:Cla$DPushDec 479708
ClaRUN.dll:Cla$DPushLong 47970C
ClaRUN.dll:Cla$DPushULong 479710
ClaRUN.dll:Cla$DRound 479714
ClaRUN.dll:Cla$ENABLE 479718,401110
ClaRUN.dll:Cla$EndEventLoop 47971C
ClaRUN.dll:Cla$EndEventLoops 479720
ClaRUN.dll:Cla$ERRORCODE 479724,401118
ClaRUN.dll:Cla$ERRORFILE 479728,401120
ClaRUN.dll:Cla$Evaluate 47972C,401128
ClaRUN.dll:Cla$EVENT 479730,401130
ClaRUN.dll:Cla$FIELD 479734,401138
ClaRUN.dll:Cla$FIELDNAME 479738,401140
ClaRUN.dll:Cla$FILEERRORCODE 47973C,401148
ClaRUN.dll:Cla$FILEERRORMSG 479740,401150
ClaRUN.dll:Cla$FileExists 479744,401158
ClaRUN.dll:Cla$FILE_ADDf 479748
ClaRUN.dll:Cla$FILE_ADDfu 47974C
ClaRUN.dll:Cla$FILE_APPENDfu 479750
ClaRUN.dll:Cla$FILE_BUFFER 479754,401160
ClaRUN.dll:Cla$FILE_BUILDf 479758,401168
ClaRUN.dll:Cla$FILE_BYTES 47975C,401170
ClaRUN.dll:CLA$FILE_CALLBACK 479760,401178
ClaRUN.dll:Cla$FILE_CLEAR 479764
ClaRUN.dll:Cla$FILE_CLOSE 479768,401180
ClaRUN.dll:Cla$FILE_CREATE 47976C
ClaRUN.dll:Cla$FILE_DELETE 479770,401188
ClaRUN.dll:CLA$FILE_DESTROY 479774
ClaRUN.dll:Cla$FILE_DUPLICATEk 479778,401190
ClaRUN.dll:Cla$FILE_FLUSH 47977C,401198
ClaRUN.dll:CLA$FILE_FREESTATE 479780,4011A0
ClaRUN.dll:Cla$FILE_GETfk 479784
ClaRUN.dll:Cla$FILE_GETfl 479788
ClaRUN.dll:Cla$FILE_GETNULLS 47978C,4011A8
ClaRUN.dll:CLA$FILE_GETSTATE 479790,4011B0
ClaRUN.dll:Cla$FILE_GET_PROPERTY 479794
ClaRUN.dll:Cla$FILE_NAME 479798,4011B8
ClaRUN.dll:Cla$FILE_NEXT 47979C,4011C0
ClaRUN.dll:Cla$FILE_NOMEMO 4797A0,4011C8
ClaRUN.dll:Cla$FILE_OPEN 4797A4,4011D0
ClaRUN.dll:Cla$FILE_POSITIONf 4797A8,4011D8
ClaRUN.dll:Cla$FILE_POSITIONk 4797AC,4011E0
ClaRUN.dll:Cla$FILE_PREV 4797B0,4011E8
ClaRUN.dll:Cla$FILE_PUTf 4797B4
ClaRUN.dll:Cla$FILE_REGETf 4797B8,4011F0
ClaRUN.dll:Cla$FILE_REGETk 4797BC,4011F8
ClaRUN.dll:Cla$FILE_REMOVE 4797C0,401200
ClaRUN.dll:Cla$FILE_RESETf 4797C4,401208
ClaRUN.dll:Cla$FILE_RESETk 4797C8,401210
ClaRUN.dll:CLA$FILE_RESTORESTATE 4797CC,401218
ClaRUN.dll:Cla$FILE_SEND 4797D0,401220
ClaRUN.dll:Cla$FILE_SETk 4797D4,401228
ClaRUN.dll:Cla$FILE_SETkk 4797D8,401230
ClaRUN.dll:Cla$FILE_SETNULLS 4797DC,401238
ClaRUN.dll:Cla$FILE_SET_PROPERTY 4797E0
ClaRUN.dll:Cla$FILE_WATCH 4797E4,401240
ClaRUN.dll:Cla$FOCUS 4797E8,401248
ClaRUN.dll:Cla$FREEqueue 4797EC
ClaRUN.dll:Cla$FREEqueuea 4797F0,401250
ClaRUN.dll:Cla$freestr 4797F4
ClaRUN.dll:Cla$FreeUfo 4797F8
ClaRUN.dll:Cla$freewindow 4797FC
ClaRUN.dll:Cla$GETINI 479800,401258
ClaRUN.dll:Cla$GetPropS 479804,401260
ClaRUN.dll:Cla$GETqueuekey 479808,401268
ClaRUN.dll:Cla$GETqueueptr 47980C
ClaRUN.dll:Cla$GETqueueskey 479810
ClaRUN.dll:Cla$GETREG 479814,401270
ClaRUN.dll:Cla$Group2Ufo 479818
ClaRUN.dll:Cla$HIDE 47981C,401278
ClaRUN.dll:Cla$init 479820
ClaRUN.dll:Cla$INSTANCE 479824,401280
ClaRUN.dll:Cla$isftoupper 479828,401288
ClaRUN.dll:Cla$IsUfoString 47982C,401290
ClaRUN.dll:Cla$KEY_GET_PROPERTY 479830
ClaRUN.dll:Cla$LASTFIELD 479834,401298
ClaRUN.dll:Cla$LFNDIRECTORY 479838,4012A0
ClaRUN.dll:Cla$LOGOUT 47983C,4012A8
ClaRUN.dll:Cla$longtostr 479840
ClaRUN.dll:Cla$MakeAString 479844
ClaRUN.dll:Cla$MATCH 479848,4012B0
ClaRUN.dll:Cla$Mem2Ufo 47984C
ClaRUN.dll:Cla$MessageBox 479850,4012B8
ClaRUN.dll:Cla$modulus 479854
ClaRUN.dll:Cla$MONTH 479858,4012C0
ClaRUN.dll:Cla$NewMemB 47985C
ClaRUN.dll:Cla$NewMemT 479860
ClaRUN.dll:Cla$NewMemZ 479864
ClaRUN.dll:Cla$NEWqueue 479868
ClaRUN.dll:Cla$NOTIFICATION 47986C,4012C8
ClaRUN.dll:Cla$NOTIFY 479870,4012D0
ClaRUN.dll:Cla$OPENowned 479874,4012D8
ClaRUN.dll:Cla$OPENwindow 479878,4012E0
ClaRUN.dll:Cla$paopen 47987C,4012E8
ClaRUN.dll:Cla$pmopen 479880,4012F0
ClaRUN.dll:Cla$POINTERqueue 479884,4012F8
ClaRUN.dll:Cla$PopAString 479888
ClaRUN.dll:Cla$PopBind 47988C,401300
ClaRUN.dll:Cla$PopCString 479890
ClaRUN.dll:Cla$PopReal 479894
ClaRUN.dll:Cla$PopString 479898
ClaRUN.dll:Cla$PopTemp 47989C
ClaRUN.dll:Cla$POPUP 4798A0,401308
ClaRUN.dll:Cla$POST 4798A4,401310
ClaRUN.dll:Cla$PushAString 4798A8
ClaRUN.dll:Cla$PushBind 4798AC,401318
ClaRUN.dll:Cla$PushCString 4798B0,401320
ClaRUN.dll:Cla$PushLong 4798B4,401328
ClaRUN.dll:Cla$PushNull 4798B8,401330
ClaRUN.dll:Cla$PushPictLong 4798BC
ClaRUN.dll:Cla$PushReal 4798C0
ClaRUN.dll:Cla$PushString 4798C4,401338
ClaRUN.dll:Cla$PushUfo 4798C8
ClaRUN.dll:Cla$PUTINI 4798CC,401340
ClaRUN.dll:Cla$PUTqueue 4798D0
ClaRUN.dll:Cla$PUTqueuekey 4798D4,401348
ClaRUN.dll:Cla$PUTREG 4798D8,401350
ClaRUN.dll:Cla$pwopen 4798DC,401358
ClaRUN.dll:Cla$realdistinct 4798E0
ClaRUN.dll:Cla$RECORDSqueue 4798E4,401360
ClaRUN.dll:Cla$RefAssignAny 4798E8
ClaRUN.dll:Cla$REGISTEREVENT 4798EC,401368
ClaRUN.dll:Cla$REGULAR 4798F0,401370
ClaRUN.dll:Cla$ROLLBACK 4798F4,401378
ClaRUN.dll:Cla$rterr 4798F8,401380
ClaRUN.dll:Cla$SETCURSOR 4798FC,401388
ClaRUN.dll:Cla$SETKEYCODE 479900,401390
ClaRUN.dll:Cla$SETPOSITION 479904,401398
ClaRUN.dll:Cla$SetPropF 479908
ClaRUN.dll:Cla$SetPropS 47990C
ClaRUN.dll:Cla$SetPropV 479910
ClaRUN.dll:Cla$SETTARGET 479914,4013A0
ClaRUN.dll:Cla$SORTqueuekey 479918,4013A8
ClaRUN.dll:Cla$SORTqueueskey 47991C
ClaRUN.dll:Cla$Stack2DStack 479920
ClaRUN.dll:Cla$Stack2Ufo 479924
ClaRUN.dll:Cla$StackCLIP 479928,4013B0
ClaRUN.dll:Cla$StackCompareN 47992C
ClaRUN.dll:Cla$StackCompareNEQ 479930
ClaRUN.dll:Cla$StackCompareR 479934
ClaRUN.dll:Cla$StackConcat 479938
ClaRUN.dll:Cla$StackConcatR 47993C
ClaRUN.dll:Cla$StackCONTENTS 479940,4013B8
ClaRUN.dll:Cla$StackDEFORMAT2 479944
ClaRUN.dll:Cla$StackErrstr 479948,4013C0
ClaRUN.dll:Cla$StackFORMAT2 47994C
ClaRUN.dll:Cla$StackHeap 479950,4013C8
ClaRUN.dll:Cla$StackINSTRING 479954,4013D0
ClaRUN.dll:Cla$StackLEFT 479958,4013D8
ClaRUN.dll:Cla$StackLen 47995C,4013E0
ClaRUN.dll:Cla$StackLOWER 479960,4013E8
ClaRUN.dll:Cla$StackNUMERIC 479964,4013F0
ClaRUN.dll:Cla$STACKpop 479968
ClaRUN.dll:Cla$StackRIGHT 47996C,4013F8
ClaRUN.dll:Cla$StackRotate 479970
ClaRUN.dll:Cla$StackSUB 479974,401400
ClaRUN.dll:Cla$StackUPPER 479978,401408
ClaRUN.dll:Cla$StackVAL 47997C
ClaRUN.dll:Cla$StartEventLoop 479980
ClaRUN.dll:Cla$STATUSwindow 479984,401410
ClaRUN.dll:Cla$storecstr 479988
ClaRUN.dll:Cla$storestr 47998C
ClaRUN.dll:Cla$String2Ref 479990
ClaRUN.dll:Cla$THREAD 479994,401418
ClaRUN.dll:Cla$THREAD_FILE 479998
ClaRUN.dll:Cla$TIE 47999C,401420
ClaRUN.dll:Cla$TIED 4799A0,401428
ClaRUN.dll:Cla$TODAY 4799A4,401430
ClaRUN.dll:Cla$Ufo2Real 4799A8
ClaRUN.dll:Cla$UfoCompareN 4799AC
ClaRUN.dll:Cla$Ufodistinct 4799B0
ClaRUN.dll:Cla$UNHIDE 4799B4,401438
ClaRUN.dll:Cla$UNREGISTEREVENT 4799B8,401440
ClaRUN.dll:Cla$UPDATE 4799BC,401448
ClaRUN.dll:Cla$VIEW_RESETvf 4799C0,401450
ClaRUN.dll:Cla$VIEW_SETvl 4799C4,401458
ClaRUN.dll:Cla$WHAT 4799C8,401460
ClaRUN.dll:Cla$WHATqueue 4799CC,401468
ClaRUN.dll:Cla$WHOqueue 4799D0,401470
ClaRUN.dll:Cla$YEAR 4799D4,401478
ClaRUN.dll:Cla$YIELD 4799D8,401480
ClaRUN.dll:NewCriticalSection 4799DC,401488
ClaRUN.dll:THR$GetInstance 4799E0,401490
ClaRUN.dll:VIEWDRIVER 4799E4
ClaRUN.dll:Wsl$GetPropType 4799E8,401498
ClaRUN.dll:WslUtil$FreeResourcePtr 4799EC,4014A0
ClaRUN.dll:WslUtil$LoadNamedResource 4799F0,4014A8
ClaRUN.dll:_11HashElement__ct__@F 4799F4,4014B0
ClaRUN.dll:_11HashElement__dt__@F 4799F8,4014B8
ClaRUN.dll:_6DynStr__cat@Fc 4799FC,4014C0
ClaRUN.dll:_6DynStr__cat@Fi 479A00,4014C8
ClaRUN.dll:_6DynStr__cat@FPCc 479A04,4014D0
ClaRUN.dll:_6DynStr__cat@FPCcUi 479A08,4014D8
ClaRUN.dll:_6DynStr__ct__@F 479A0C,4014E0
ClaRUN.dll:_6DynStr__dt__@F 479A10,4014E8
ClaRUN.dll:_6DynStr__opPc__@F 479A14,4014F0
ClaRUN.dll:_6DynStr__PopString@F 479A18,4014F8
ClaRUN.dll:_6DynStr__PushString@F 479A1C,401500
ClaRUN.dll:_6DynStr__trunc@FUi 479A20,401508
ClaRUN.dll:_8selement__dt__@F 479A24,401510
ClaRUN.dll:_9exp_array__append@FR8selement 479A28,401518
ClaRUN.dll:_9exp_array__ct__@F 479A2C,401520
ClaRUN.dll:_9exp_array__dt__@F 479A30,401528
ClaRUN.dll:_9exp_array__kill@F 479A34,401530
ClaRUN.dll:_9exp_array__remove@FUii 479A38,401538
ClaRUN.dll:_9HashTable__ct__@Fi 479A3C,401540
ClaRUN.dll:_9HashTable__dt__@F 479A40,401548
ClaRUN.dll:_9HashTable__HAdd@FPCv 479A44,401550
ClaRUN.dll:_9HashTable__HFind@CFPCv 479A48,401558
ClaRUN.dll:_9HashTable__Kill@F 479A4C,401560
ClaRUN.dll:_atoi 479A50,401568
ClaRUN.dll:_atoul 479A54,401570
ClaRUN.dll:_dl__@FPv 479A58,401578
ClaRUN.dll:_exit 479A5C,401580
ClaRUN.dll:_free 479A60,401588
ClaRUN.dll:_malloc 479A64,401590
ClaRUN.dll:_memchr 479A68,401598
ClaRUN.dll:_memcpy 479A6C,4015A0
ClaRUN.dll:_memset 479A70,4015A8
ClaRUN.dll:_nw__@FUi 479A74,4015B0
ClaRUN.dll:_remove 479A78,4015B8
ClaRUN.dll:_strdup 479A7C,4015C0
ClaRUN.dll:_strlen 479A80,4015C8
ClaRUN.dll:_strrchr 479A84,4015D0
ClaRUN.dll:_strstr 479A88,4015D8
ClaRUN.dll:__sysinit 479A8C,4015E0
ClaRUN.dll:__sysstart 479A90,4015E8
ClaTPS.dll:TOPSPEED 479AA0
KERNEL32.dll:CloseHandle 479AF8,4015F0
KERNEL32.dll:CreateDirectoryA 479AFC,4015F8
KERNEL32.dll:CreateFileMappingA 479B00,401600
KERNEL32.dll:CreateSemaphoreA 479B04,401608
KERNEL32.dll:CreateThread 479B08,401610
KERNEL32.dll:GetCommandLineA 479B0C,401618
KERNEL32.dll:GetEnvironmentVariableA 479B10,401620
KERNEL32.dll:GetFileAttributesA 479B14,401628
KERNEL32.dll:MapViewOfFile 479B18,401630
KERNEL32.dll:ReleaseSemaphore 479B1C,401638
KERNEL32.dll:RemoveDirectoryA 479B20,401640
KERNEL32.dll:UnmapViewOfFile 479B24,401648
KERNEL32.dll:WaitForMultipleObjects 479B28,401650
KERNEL32.dll:WaitForSingleObject 479B2C,401658
KERNEL32.dll:_lclose 479B30,401660
KERNEL32.dll:_lcreat 479B34,401668
KERNEL32.dll:_llseek 479B38,401670
KERNEL32.dll:_lopen 479B3C,401678
KERNEL32.dll:_lwrite 479B40,401680
RPCRT4.dll:NdrClientInitializeNew 479B94,401688
RPCRT4.dll:NdrConformantStringBufferSize 479B98,401690
RPCRT4.dll:NdrConformantStringMarshall 479B9C,401698
RPCRT4.dll:NdrConformantStringUnmarshall 479BA0,4016A0
RPCRT4.dll:NdrConvert 479BA4,4016A8
RPCRT4.dll:NdrGetBuffer 479BA8,4016B0
RPCRT4.dll:NdrSendReceive 479BAC,4016B8
RPCRT4.dll:NdrServerInitializeNew 479BB0,4016C0
RPCRT4.dll:RpcBindingFree 479BB4,4016C8
RPCRT4.dll:RpcBindingFromStringBindingA 479BB8,4016D0
RPCRT4.dll:RpcMgmtStopServerListening 479BBC,4016D8
RPCRT4.dll:RpcMgmtWaitServerListen 479BC0,4016E0
RPCRT4.dll:RpcServerListen 479BC4,4016E8
RPCRT4.dll:RpcServerRegisterIf 479BC8,4016F0
RPCRT4.dll:RpcServerUnregisterIf 479BCC,4016F8
RPCRT4.dll:RpcServerUseProtseqEpA 479BD0,401700
RPCRT4.dll:RpcStringBindingComposeA 479BD4,401708
RPCRT4.dll:RpcStringFreeA 479BD8,401710



Entry Point:   425DB4